Component: ARM Compiler 5.06 update 1 (build 61) Tool: armlink [4d35a8]

==============================================================================

Section Cross References

    main.o(i.ADC_Config) refers to stm32f4xx_rcc.o(i.RCC_AHB1PeriphClockCmd) for RCC_AHB1PeriphClockCmd
    main.o(i.ADC_Config) refers to stm32f4xx_rcc.o(i.RCC_APB2PeriphClockCmd) for RCC_APB2PeriphClockCmd
    main.o(i.ADC_Config) refers to stm32f4xx_gpio.o(i.GPIO_Init) for GPIO_Init
    main.o(i.ADC_Config) refers to stm32f4xx_adc.o(i.ADC_Init) for ADC_Init
    main.o(i.ADC_Config) refers to stm32f4xx_adc.o(i.ADC_RegularChannelConfig) for ADC_RegularChannelConfig
    main.o(i.ADC_Config) refers to stm32f4xx_adc.o(i.ADC_Cmd) for ADC_Cmd
    main.o(i.DMA_Config) refers to stm32f4xx_rcc.o(i.RCC_AHB1PeriphClockCmd) for RCC_AHB1PeriphClockCmd
    main.o(i.DMA_Config) refers to stm32f4xx_dma.o(i.DMA_Init) for DMA_Init
    main.o(i.DMA_Config) refers to stm32f4xx_dma.o(i.DMA_Cmd) for DMA_Cmd
    main.o(i.DMA_Config) refers to stm32f4xx_adc.o(i.ADC_DMARequestAfterLastTransferCmd) for ADC_DMARequestAfterLastTransferCmd
    main.o(i.DMA_Config) refers to stm32f4xx_adc.o(i.ADC_DMACmd) for ADC_DMACmd
    main.o(i.DMA_Config) refers to main.o(.bss) for .bss
    main.o(i.EXTI0_IRQHandler) refers to stm32f4xx_exti.o(i.EXTI_ClearITPendingBit) for EXTI_ClearITPendingBit
    main.o(i.EXTI0_IRQHandler) refers to main.o(.data) for .data
    main.o(i.EXTI0_init) refers to stm32f4xx_rcc.o(i.RCC_AHB1PeriphClockCmd) for RCC_AHB1PeriphClockCmd
    main.o(i.EXTI0_init) refers to stm32f4xx_rcc.o(i.RCC_APB2PeriphClockCmd) for RCC_APB2PeriphClockCmd
    main.o(i.EXTI0_init) refers to stm32f4xx_gpio.o(i.GPIO_Init) for GPIO_Init
    main.o(i.EXTI0_init) refers to stm32f4xx_syscfg.o(i.SYSCFG_EXTILineConfig) for SYSCFG_EXTILineConfig
    main.o(i.EXTI0_init) refers to stm32f4xx_exti.o(i.EXTI_Init) for EXTI_Init
    main.o(i.EXTI0_init) refers to stm32f4xx_exti.o(i.EXTI_ClearFlag) for EXTI_ClearFlag
    main.o(i.EXTI0_init) refers to misc.o(i.NVIC_Init) for NVIC_Init
    main.o(i.FSMC_init) refers to stm32f4xx_rcc.o(i.RCC_AHB3PeriphClockCmd) for RCC_AHB3PeriphClockCmd
    main.o(i.FSMC_init) refers to stm32f4xx_rcc.o(i.RCC_AHB1PeriphClockCmd) for RCC_AHB1PeriphClockCmd
    main.o(i.FSMC_init) refers to stm32f4xx_gpio.o(i.GPIO_PinAFConfig) for GPIO_PinAFConfig
    main.o(i.FSMC_init) refers to stm32f4xx_gpio.o(i.GPIO_Init) for GPIO_Init
    main.o(i.FSMC_init) refers to stm32f4xx_fsmc.o(i.FSMC_NORSRAMInit) for FSMC_NORSRAMInit
    main.o(i.FSMC_init) refers to stm32f4xx_fsmc.o(i.FSMC_NORSRAMCmd) for FSMC_NORSRAMCmd
    main.o(i.GPIO_Configuration) refers to stm32f4xx_rcc.o(i.RCC_AHB1PeriphClockCmd) for RCC_AHB1PeriphClockCmd
    main.o(i.GPIO_Configuration) refers to stm32f4xx_gpio.o(i.GPIO_Init) for GPIO_Init
    main.o(i.SysTick_Handler) refers to stm32f4xx_gpio.o(i.GPIO_ToggleBits) for GPIO_ToggleBits
    main.o(i.SysTick_Handler) refers to main.o(.data) for .data
    main.o(i.SysTick_Init) refers to misc.o(i.SysTick_CLKSourceConfig) for SysTick_CLKSourceConfig
    main.o(i.TIM4_IRQHandler) refers to stm32f4xx_tim.o(i.TIM_GetITStatus) for TIM_GetITStatus
    main.o(i.TIM4_IRQHandler) refers to stm32f4xx_tim.o(i.TIM_ClearITPendingBit) for TIM_ClearITPendingBit
    main.o(i.TIM4_IRQHandler) refers to main.o(.data) for .data
    main.o(i.TIM4_Init) refers to stm32f4xx_rcc.o(i.RCC_APB1PeriphClockCmd) for RCC_APB1PeriphClockCmd
    main.o(i.TIM4_Init) refers to stm32f4xx_tim.o(i.TIM_TimeBaseInit) for TIM_TimeBaseInit
    main.o(i.TIM4_Init) refers to stm32f4xx_tim.o(i.TIM_ITConfig) for TIM_ITConfig
    main.o(i.TIM4_Init) refers to misc.o(i.NVIC_Init) for NVIC_Init
    main.o(i.TIM4_Init) refers to stm32f4xx_tim.o(i.TIM_Cmd) for TIM_Cmd
    main.o(i.TIM_Config) refers to stm32f4xx_rcc.o(i.RCC_APB1PeriphClockCmd) for RCC_APB1PeriphClockCmd
    main.o(i.TIM_Config) refers to stm32f4xx_tim.o(i.TIM_TimeBaseInit) for TIM_TimeBaseInit
    main.o(i.TIM_Config) refers to stm32f4xx_tim.o(i.TIM_OC3Init) for TIM_OC3Init
    main.o(i.TIM_Config) refers to stm32f4xx_tim.o(i.TIM_SelectOutputTrigger) for TIM_SelectOutputTrigger
    main.o(i.TIM_Config) refers to stm32f4xx_tim.o(i.TIM_Cmd) for TIM_Cmd
    main.o(i.TIM_Config) refers to system_stm32f4xx.o(.data) for SystemCoreClock
    main.o(i.delay_ms) refers to system_stm32f4xx.o(.data) for SystemCoreClock
    main.o(i.main) refers to main.o(i.FSMC_init) for FSMC_init
    main.o(i.main) refers to lcd.o(i.LCD_Init9481) for LCD_Init9481
    main.o(i.main) refers to main.o(i.GPIO_Configuration) for GPIO_Configuration
    main.o(i.main) refers to main.o(i.SysTick_Init) for SysTick_Init
    main.o(i.main) refers to misc.o(i.NVIC_PriorityGroupConfig) for NVIC_PriorityGroupConfig
    main.o(i.main) refers to main.o(i.EXTI0_init) for EXTI0_init
    main.o(i.main) refers to lcd.o(i.LCD_ShowChineseStringBig) for LCD_ShowChineseStringBig
    main.o(i.main) refers to lcd.o(i.LCD_ShowStringBig) for LCD_ShowStringBig
[...]
    Removing stm32f4xx_sai.o(i.SAI_ClearITPendingBit), (8 bytes).
    Removing stm32f4xx_sai.o(i.SAI_Cmd), (24 bytes).
    Removing stm32f4xx_sai.o(i.SAI_CompandingModeConfig), (16 bytes).
    Removing stm32f4xx_sai.o(i.SAI_DMACmd), (24 bytes).
    Removing stm32f4xx_sai.o(i.SAI_DeInit), (24 bytes).
    Removing stm32f4xx_sai.o(i.SAI_FlushFIFO), (10 bytes).
    Removing stm32f4xx_sai.o(i.SAI_FrameInit), (44 bytes).
    Removing stm32f4xx_sai.o(i.SAI_FrameStructInit), (18 bytes).
    Removing stm32f4xx_sai.o(i.SAI_GetCmdStatus), (14 bytes).
    Removing stm32f4xx_sai.o(i.SAI_GetFIFOStatus), (8 bytes).
    Removing stm32f4xx_sai.o(i.SAI_GetFlagStatus), (14 bytes).
    Removing stm32f4xx_sai.o(i.SAI_GetITStatus), (22 bytes).
    Removing stm32f4xx_sai.o(i.SAI_ITConfig), (20 bytes).
    Removing stm32f4xx_sai.o(i.SAI_Init), (68 bytes).
    Removing stm32f4xx_sai.o(i.SAI_MonoModeConfig), (18 bytes).
    Removing stm32f4xx_sai.o(i.SAI_MuteFrameCounterConfig), (18 bytes).
    Removing stm32f4xx_sai.o(i.SAI_MuteModeCmd), (24 bytes).
    Removing stm32f4xx_sai.o(i.SAI_MuteValueConfig), (16 bytes).
    Removing stm32f4xx_sai.o(i.SAI_ReceiveData), (4 bytes).
    Removing stm32f4xx_sai.o(i.SAI_SendData), (4 bytes).
    Removing stm32f4xx_sai.o(i.SAI_SlotInit), (34 bytes).
    Removing stm32f4xx_sai.o(i.SAI_SlotStructInit), (14 bytes).
    Removing stm32f4xx_sai.o(i.SAI_StructInit), (26 bytes).
    Removing stm32f4xx_sai.o(i.SAI_TRIStateConfig), (18 bytes).
    Removing stm32f4xx_sdio.o(.rev16_text), (4 bytes).
    Removing stm32f4xx_sdio.o(.revsh_text), (4 bytes).
    Removing stm32f4xx_sdio.o(.rrx_text), (6 bytes).
    Removing stm32f4xx_sdio.o(i.SDIO_CEATAITCmd), (16 bytes).
    Removing stm32f4xx_sdio.o(i.SDIO_ClearFlag), (12 bytes).
    Removing stm32f4xx_sdio.o(i.SDIO_ClearITPendingBit), (12 bytes).
    Removing stm32f4xx_sdio.o(i.SDIO_ClockCmd), (12 bytes).
    Removing stm32f4xx_sdio.o(i.SDIO_CmdStructInit), (14 bytes).
    Removing stm32f4xx_sdio.o(i.SDIO_CommandCompletionCmd), (12 bytes).
    Removing stm32f4xx_sdio.o(i.SDIO_DMACmd), (12 bytes).
    Removing stm32f4xx_sdio.o(i.SDIO_DataConfig), (48 bytes).
    Removing stm32f4xx_sdio.o(i.SDIO_DataStructInit), (20 bytes).
    Removing stm32f4xx_sdio.o(i.SDIO_DeInit), (24 bytes).
    Removing stm32f4xx_sdio.o(i.SDIO_GetCommandResponse), (12 bytes).
    Removing stm32f4xx_sdio.o(i.SDIO_GetDataCounter), (12 bytes).
    Removing stm32f4xx_sdio.o(i.SDIO_GetFIFOCount), (12 bytes).
    Removing stm32f4xx_sdio.o(i.SDIO_GetFlagStatus), (20 bytes).
    Removing stm32f4xx_sdio.o(i.SDIO_GetITStatus), (20 bytes).
    Removing stm32f4xx_sdio.o(i.SDIO_GetPowerState), (16 bytes).
    Removing stm32f4xx_sdio.o(i.SDIO_GetResponse), (20 bytes).
    Removing stm32f4xx_sdio.o(i.SDIO_ITConfig), (28 bytes).
    Removing stm32f4xx_sdio.o(i.SDIO_Init), (44 bytes).
    Removing stm32f4xx_sdio.o(i.SDIO_ReadData), (12 bytes).
    Removing stm32f4xx_sdio.o(i.SDIO_SendCEATACmd), (12 bytes).
    Removing stm32f4xx_sdio.o(i.SDIO_SendCommand), (40 bytes).
    Removing stm32f4xx_sdio.o(i.SDIO_SendSDIOSuspendCmd), (12 bytes).
    Removing stm32f4xx_sdio.o(i.SDIO_SetPowerState), (12 bytes).
    Removing stm32f4xx_sdio.o(i.SDIO_SetSDIOOperation), (12 bytes).
    Removing stm32f4xx_sdio.o(i.SDIO_SetSDIOReadWaitMode), (12 bytes).
    Removing stm32f4xx_sdio.o(i.SDIO_StartSDIOReadWait), (12 bytes).
    Removing stm32f4xx_sdio.o(i.SDIO_StopSDIOReadWait), (12 bytes).
    Removing stm32f4xx_sdio.o(i.SDIO_StructInit), (16 bytes).
    Removing stm32f4xx_sdio.o(i.SDIO_WriteData), (12 bytes).
    Removing stm32f4xx_spi.o(.rev16_text), (4 bytes).
    Removing stm32f4xx_spi.o(.revsh_text), (4 bytes).
    Removing stm32f4xx_spi.o(.rrx_text), (6 bytes).
    Removing stm32f4xx_spi.o(i.I2S_Cmd), (24 bytes).
    Removing stm32f4xx_spi.o(i.I2S_FullDuplexConfig), (58 bytes).
    Removing stm32f4xx_spi.o(i.I2S_Init), (240 bytes).
    Removing stm32f4xx_spi.o(i.I2S_StructInit), (18 bytes).
    Removing stm32f4xx_spi.o(i.SPI_BiDirectionalLineConfig), (26 bytes).
    Removing stm32f4xx_spi.o(i.SPI_CalculateCRC), (24 bytes).
    Removing stm32f4xx_spi.o(i.SPI_Cmd), (24 bytes).
    Removing stm32f4xx_spi.o(i.SPI_DataSizeConfig), (16 bytes).
    Removing stm32f4xx_spi.o(i.SPI_GetCRC), (12 bytes).
    Removing stm32f4xx_spi.o(i.SPI_GetCRCPolynomial), (4 bytes).
    Removing stm32f4xx_spi.o(i.SPI_I2S_ClearFlag), (6 bytes).
    Removing stm32f4xx_spi.o(i.SPI_I2S_ClearITPendingBit), (14 bytes).
    Removing stm32f4xx_spi.o(i.SPI_I2S_DMACmd), (20 bytes).
    Removing stm32f4xx_spi.o(i.SPI_I2S_DeInit), (196 bytes).
    Removing stm32f4xx_spi.o(i.SPI_I2S_GetFlagStatus), (14 bytes).
    Removing stm32f4xx_spi.o(i.SPI_I2S_GetITStatus), (44 bytes).
    Removing stm32f4xx_spi.o(i.SPI_I2S_ITConfig), (28 bytes).
    Removing stm32f4xx_spi.o(i.SPI_I2S_ReceiveData), (4 bytes).
    Removing stm32f4xx_spi.o(i.SPI_I2S_SendData), (4 bytes).
    Removing stm32f4xx_spi.o(i.SPI_Init), (56 bytes).
    Removing stm32f4xx_spi.o(i.SPI_NSSInternalSoftwareConfig), (28 bytes).
    Removing stm32f4xx_spi.o(i.SPI_SSOutputCmd), (24 bytes).
    Removing stm32f4xx_spi.o(i.SPI_StructInit), (24 bytes).
    Removing stm32f4xx_spi.o(i.SPI_TIModeCmd), (24 bytes).
    Removing stm32f4xx_spi.o(i.SPI_TransmitCRC), (10 bytes).
    Removing stm32f4xx_syscfg.o(.rev16_text), (4 bytes).
    Removing stm32f4xx_syscfg.o(.revsh_text), (4 bytes).
    Removing stm32f4xx_syscfg.o(.rrx_text), (6 bytes).
    Removing stm32f4xx_syscfg.o(i.SYSCFG_CompensationCellCmd), (12 bytes).
    Removing stm32f4xx_syscfg.o(i.SYSCFG_DeInit), (24 bytes).
    Removing stm32f4xx_syscfg.o(i.SYSCFG_ETH_MediaInterfaceConfig), (12 bytes).
    Removing stm32f4xx_syscfg.o(i.SYSCFG_GetCompensationCellStatus), (20 bytes).
    Removing stm32f4xx_syscfg.o(i.SYSCFG_MemoryRemapConfig), (12 bytes).
    Removing stm32f4xx_syscfg.o(i.SYSCFG_MemorySwappingBank), (12 bytes).
    Removing stm32f4xx_tim.o(.rev16_text), (4 bytes).
    Removing stm32f4xx_tim.o(.revsh_text), (4 bytes).
    Removing stm32f4xx_tim.o(.rrx_text), (6 bytes).
    Removing stm32f4xx_tim.o(i.TI1_Config), (46 bytes).
    Removing stm32f4xx_tim.o(i.TI2_Config), (54 bytes).
    Removing stm32f4xx_tim.o(i.TI3_Config), (50 bytes).
    Removing stm32f4xx_tim.o(i.TI4_Config), (54 bytes).
    Removing stm32f4xx_tim.o(i.TIM_ARRPreloadConfig), (24 bytes).
    Removing stm32f4xx_tim.o(i.TIM_BDTRConfig), (34 bytes).
    Removing stm32f4xx_tim.o(i.TIM_BDTRStructInit), (18 bytes).
    Removing stm32f4xx_tim.o(i.TIM_CCPreloadControl), (24 bytes).
    Removing stm32f4xx_tim.o(i.TIM_CCxCmd), (22 bytes).
    Removing stm32f4xx_tim.o(i.TIM_CCxNCmd), (22 bytes).
    Removing stm32f4xx_tim.o(i.TIM_ClearFlag), (6 bytes).
    Removing stm32f4xx_tim.o(i.TIM_ClearOC1Ref), (12 bytes).
    Removing stm32f4xx_tim.o(i.TIM_ClearOC2Ref), (20 bytes).
    Removing stm32f4xx_tim.o(i.TIM_ClearOC3Ref), (12 bytes).
    Removing stm32f4xx_tim.o(i.TIM_ClearOC4Ref), (20 bytes).
    Removing stm32f4xx_tim.o(i.TIM_CounterModeConfig), (12 bytes).
    Removing stm32f4xx_tim.o(i.TIM_CtrlPWMOutputs), (28 bytes).
    Removing stm32f4xx_tim.o(i.TIM_DMACmd), (20 bytes).
    Removing stm32f4xx_tim.o(i.TIM_DMAConfig), (8 bytes).
    Removing stm32f4xx_tim.o(i.TIM_DeInit), (428 bytes).
    Removing stm32f4xx_tim.o(i.TIM_ETRClockMode1Config), (32 bytes).
    Removing stm32f4xx_tim.o(i.TIM_ETRClockMode2Config), (20 bytes).
    Removing stm32f4xx_tim.o(i.TIM_ETRConfig), (24 bytes).
    Removing stm32f4xx_tim.o(i.TIM_EncoderInterfaceConfig), (50 bytes).
    Removing stm32f4xx_tim.o(i.TIM_ForcedOC1Config), (12 bytes).
    Removing stm32f4xx_tim.o(i.TIM_ForcedOC2Config), (20 bytes).
    Removing stm32f4xx_tim.o(i.TIM_ForcedOC3Config), (12 bytes).
    Removing stm32f4xx_tim.o(i.TIM_ForcedOC4Config), (20 bytes).
    Removing stm32f4xx_tim.o(i.TIM_GenerateEvent), (4 bytes).
    Removing stm32f4xx_tim.o(i.TIM_GetCapture1), (4 bytes).
    Removing stm32f4xx_tim.o(i.TIM_GetCapture2), (4 bytes).
    Removing stm32f4xx_tim.o(i.TIM_GetCapture3), (4 bytes).
    Removing stm32f4xx_tim.o(i.TIM_GetCapture4), (4 bytes).
    Removing stm32f4xx_tim.o(i.TIM_GetCounter), (4 bytes).
    Removing stm32f4xx_tim.o(i.TIM_GetFlagStatus), (14 bytes).
    Removing stm32f4xx_tim.o(i.TIM_GetPrescaler), (4 bytes).
    Removing stm32f4xx_tim.o(i.TIM_ICInit), (98 bytes).
    Removing stm32f4xx_tim.o(i.TIM_ICStructInit), (16 bytes).
    Removing stm32f4xx_tim.o(i.TIM_ITRxExternalClockConfig), (20 bytes).
    Removing stm32f4xx_tim.o(i.TIM_InternalClockConfig), (10 bytes).
    Removing stm32f4xx_tim.o(i.TIM_OC1FastConfig), (12 bytes).
    Removing stm32f4xx_tim.o(i.TIM_OC1Init), (104 bytes).
    Removing stm32f4xx_tim.o(i.TIM_OC1NPolarityConfig), (12 bytes).
    Removing stm32f4xx_tim.o(i.TIM_OC1PolarityConfig), (12 bytes).
    Removing stm32f4xx_tim.o(i.TIM_OC1PreloadConfig), (12 bytes).
    Removing stm32f4xx_tim.o(i.TIM_OC2FastConfig), (20 bytes).
    Removing stm32f4xx_tim.o(i.TIM_OC2Init), (136 bytes).
    Removing stm32f4xx_tim.o(i.TIM_OC2NPolarityConfig), (20 bytes).
    Removing stm32f4xx_tim.o(i.TIM_OC2PolarityConfig), (20 bytes).
    Removing stm32f4xx_tim.o(i.TIM_OC2PreloadConfig), (20 bytes).
    Removing stm32f4xx_tim.o(i.TIM_OC3FastConfig), (12 bytes).
    Removing stm32f4xx_tim.o(i.TIM_OC3NPolarityConfig), (20 bytes).
    Removing stm32f4xx_tim.o(i.TIM_OC3PolarityConfig), (20 bytes).
    Removing stm32f4xx_tim.o(i.TIM_OC3PreloadConfig), (12 bytes).
    Removing stm32f4xx_tim.o(i.TIM_OC4FastConfig), (20 bytes).
    Removing stm32f4xx_tim.o(i.TIM_OC4Init), (100 bytes).
    Removing stm32f4xx_tim.o(i.TIM_OC4PolarityConfig), (20 bytes).
    Removing stm32f4xx_tim.o(i.TIM_OC4PreloadConfig), (20 bytes).
    Removing stm32f4xx_tim.o(i.TIM_OCStructInit), (20 bytes).
    Removing stm32f4xx_tim.o(i.TIM_PWMIConfig), (110 bytes).
    Removing stm32f4xx_tim.o(i.TIM_PrescalerConfig), (6 bytes).
    Removing stm32f4xx_tim.o(i.TIM_RemapConfig), (6 bytes).
    Removing stm32f4xx_tim.o(i.TIM_SelectCCDMA), (24 bytes).
    Removing stm32f4xx_tim.o(i.TIM_SelectCOM), (24 bytes).
    Removing stm32f4xx_tim.o(i.TIM_SelectHallSensor), (24 bytes).
    Removing stm32f4xx_tim.o(i.TIM_SelectInputTrigger), (12 bytes).
    Removing stm32f4xx_tim.o(i.TIM_SelectMasterSlaveMode), (16 bytes).
    Removing stm32f4xx_tim.o(i.TIM_SelectOCxM), (80 bytes).
    Removing stm32f4xx_tim.o(i.TIM_SelectOnePulseMode), (16 bytes).
    Removing stm32f4xx_tim.o(i.TIM_SelectSlaveMode), (16 bytes).
    Removing stm32f4xx_tim.o(i.TIM_SetAutoreload), (4 bytes).
    Removing stm32f4xx_tim.o(i.TIM_SetClockDivision), (16 bytes).
    Removing stm32f4xx_tim.o(i.TIM_SetCompare1), (4 bytes).
    Removing stm32f4xx_tim.o(i.TIM_SetCompare2), (4 bytes).
    Removing stm32f4xx_tim.o(i.TIM_SetCompare3), (4 bytes).
    Removing stm32f4xx_tim.o(i.TIM_SetCompare4), (4 bytes).
    Removing stm32f4xx_tim.o(i.TIM_SetCounter), (4 bytes).
    Removing stm32f4xx_tim.o(i.TIM_SetIC1Prescaler), (16 bytes).
    Removing stm32f4xx_tim.o(i.TIM_SetIC2Prescaler), (24 bytes).
    Removing stm32f4xx_tim.o(i.TIM_SetIC3Prescaler), (16 bytes).
    Removing stm32f4xx_tim.o(i.TIM_SetIC4Prescaler), (24 bytes).
    Removing stm32f4xx_tim.o(i.TIM_TIxExternalClockConfig), (48 bytes).
    Removing stm32f4xx_tim.o(i.TIM_TimeBaseStructInit), (18 bytes).
    Removing stm32f4xx_tim.o(i.TIM_UpdateDisableConfig), (24 bytes).
    Removing stm32f4xx_tim.o(i.TIM_UpdateRequestConfig), (24 bytes).
    Removing stm32f4xx_usart.o(.rev16_text), (4 bytes).
    Removing stm32f4xx_usart.o(.revsh_text), (4 bytes).
    Removing stm32f4xx_usart.o(.rrx_text), (6 bytes).
    Removing stm32f4xx_usart.o(i.USART_ClearFlag), (8 bytes).
    Removing stm32f4xx_usart.o(i.USART_ClearITPendingBit), (16 bytes).
    Removing stm32f4xx_usart.o(i.USART_ClockInit), (28 bytes).
    Removing stm32f4xx_usart.o(i.USART_ClockStructInit), (12 bytes).
    Removing stm32f4xx_usart.o(i.USART_DMACmd), (20 bytes).
    Removing stm32f4xx_usart.o(i.USART_DeInit), (256 bytes).
    Removing stm32f4xx_usart.o(i.USART_HalfDuplexCmd), (24 bytes).
    Removing stm32f4xx_usart.o(i.USART_IrDACmd), (24 bytes).
    Removing stm32f4xx_usart.o(i.USART_IrDAConfig), (16 bytes).
    Removing stm32f4xx_usart.o(i.USART_LINBreakDetectLengthConfig), (16 bytes).
    Removing stm32f4xx_usart.o(i.USART_LINCmd), (24 bytes).
    Removing stm32f4xx_usart.o(i.USART_OneBitMethodCmd), (24 bytes).
    Removing stm32f4xx_usart.o(i.USART_OverSampling8Cmd), (24 bytes).
    Removing stm32f4xx_usart.o(i.USART_ReceiverWakeUpCmd), (24 bytes).
    Removing stm32f4xx_usart.o(i.USART_SendBreak), (10 bytes).
    Removing stm32f4xx_usart.o(i.USART_SetAddress), (16 bytes).
    Removing stm32f4xx_usart.o(i.USART_SetGuardTime), (16 bytes).
    Removing stm32f4xx_usart.o(i.USART_SetPrescaler), (16 bytes).
    Removing stm32f4xx_usart.o(i.USART_SmartCardCmd), (24 bytes).
    Removing stm32f4xx_usart.o(i.USART_SmartCardNACKCmd), (24 bytes).
    Removing stm32f4xx_usart.o(i.USART_StructInit), (22 bytes).
    Removing stm32f4xx_usart.o(i.USART_WakeUpConfig), (16 bytes).
    Removing stm32f4xx_wwdg.o(.rev16_text), (4 bytes).
    Removing stm32f4xx_wwdg.o(.revsh_text), (4 bytes).
    Removing stm32f4xx_wwdg.o(.rrx_text), (6 bytes).
    Removing stm32f4xx_wwdg.o(i.WWDG_ClearFlag), (12 bytes).
    Removing stm32f4xx_wwdg.o(i.WWDG_DeInit), (24 bytes).
    Removing stm32f4xx_wwdg.o(i.WWDG_Enable), (16 bytes).
    Removing stm32f4xx_wwdg.o(i.WWDG_EnableIT), (12 bytes).
    Removing stm32f4xx_wwdg.o(i.WWDG_GetFlagStatus), (20 bytes).
    Removing stm32f4xx_wwdg.o(i.WWDG_SetCounter), (16 bytes).
    Removing stm32f4xx_wwdg.o(i.WWDG_SetPrescaler), (20 bytes).
    Removing stm32f4xx_wwdg.o(i.WWDG_SetWindowValue), (32 bytes).
    Removing sys.o(.rev16_text), (4 bytes).
    Removing sys.o(.revsh_text), (4 bytes).
    Removing sys.o(.rrx_text), (6 bytes).
    Removing sys.o(.emb_text), (16 bytes).
    Removing lcd.o(.rev16_text), (4 bytes).
    Removing lcd.o(.revsh_text), (4 bytes).
    Removing lcd.o(.rrx_text), (6 bytes).
    Removing lcd.o(i.LCD_Clear_Rect), (108 bytes).
    Removing lcd.o(i.LCD_Curve_Show), (216 bytes).
    Removing lcd.o(i.LCD_Init9488), (236 bytes).
    Removing lcd.o(i.LCD_Init9488A), (232 bytes).
    Removing lcd.o(i.LCD_ShowChar), (116 bytes).
    Removing lcd.o(i.LCD_ShowChinese), (148 bytes).
    Removing lcd.o(i.LCD_ShowNumBig), (104 bytes).
    Removing lcd.o(i.LCD_ShowNumBig_L), (136 bytes).
    Removing lcd.o(i.LCD_ShowString), (40 bytes).
    Removing lcd.o(i.LCD_Show_Rect), (276 bytes).
    Removing lcd.o(i.LCD_Show_RectBox), (564 bytes).
    Removing lcd.o(i._LCD_Set_Curve_Pixel), (128 bytes).
    Removing lcd.o(i._LCD_Show_Curve_Compensation), (164 bytes).
    Removing lcd.o(.bss), (400 bytes).
    Removing lcd.o(.bss), (480 bytes).
    Removing basicmathfunctions.o(.rev16_text), (4 bytes).
    Removing basicmathfunctions.o(.revsh_text), (4 bytes).
    Removing basicmathfunctions.o(.rrx_text), (6 bytes).
    Removing basicmathfunctions.o(i.arm_abs_f32), (22 bytes).
    Removing basicmathfunctions.o(i.arm_abs_q15), (32 bytes).
    Removing basicmathfunctions.o(i.arm_abs_q31), (26 bytes).
    Removing basicmathfunctions.o(i.arm_abs_q7), (32 bytes).
    Removing basicmathfunctions.o(i.arm_add_f32), (26 bytes).
    Removing basicmathfunctions.o(i.arm_add_q15), (28 bytes).
    Removing basicmathfunctions.o(i.arm_add_q31), (22 bytes).
    Removing basicmathfunctions.o(i.arm_add_q7), (30 bytes).
    Removing basicmathfunctions.o(i.arm_and_u16), (26 bytes).
    Removing basicmathfunctions.o(i.arm_and_u32), (20 bytes).
    Removing basicmathfunctions.o(i.arm_and_u8), (26 bytes).
    Removing basicmathfunctions.o(i.arm_dot_prod_f32), (36 bytes).
    Removing basicmathfunctions.o(i.arm_dot_prod_q15), (30 bytes).
    Removing basicmathfunctions.o(i.arm_dot_prod_q31), (40 bytes).
    Removing basicmathfunctions.o(i.arm_dot_prod_q7), (28 bytes).
    Removing basicmathfunctions.o(i.arm_mult_f32), (26 bytes).
    Removing basicmathfunctions.o(i.arm_mult_q15), (32 bytes).
    Removing basicmathfunctions.o(i.arm_mult_q31), (28 bytes).
    Removing basicmathfunctions.o(i.arm_mult_q7), (32 bytes).
    Removing basicmathfunctions.o(i.arm_negate_f32), (22 bytes).
    Removing basicmathfunctions.o(i.arm_negate_q15), (40 bytes).
    Removing basicmathfunctions.o(i.arm_negate_q31), (22 bytes).
    Removing basicmathfunctions.o(i.arm_negate_q7), (26 bytes).
    Removing basicmathfunctions.o(i.arm_not_u16), (20 bytes).
    Removing basicmathfunctions.o(i.arm_not_u32), (16 bytes).
    Removing basicmathfunctions.o(i.arm_not_u8), (20 bytes).
    Removing basicmathfunctions.o(i.arm_offset_f32), (22 bytes).
    Removing basicmathfunctions.o(i.arm_offset_q15), (24 bytes).
    Removing basicmathfunctions.o(i.arm_offset_q31), (20 bytes).
    Removing basicmathfunctions.o(i.arm_offset_q7), (26 bytes).
    Removing basicmathfunctions.o(i.arm_or_u16), (26 bytes).
    Removing basicmathfunctions.o(i.arm_or_u32), (20 bytes).
    Removing basicmathfunctions.o(i.arm_or_u8), (26 bytes).
    Removing basicmathfunctions.o(i.arm_scale_f32), (22 bytes).
    Removing basicmathfunctions.o(i.arm_scale_q15), (36 bytes).
    Removing basicmathfunctions.o(i.arm_scale_q31), (78 bytes).
    Removing basicmathfunctions.o(i.arm_scale_q7), (36 bytes).
    Removing basicmathfunctions.o(i.arm_shift_q15), (54 bytes).
    Removing basicmathfunctions.o(i.arm_shift_q31), (74 bytes).
    Removing basicmathfunctions.o(i.arm_shift_q7), (54 bytes).
    Removing basicmathfunctions.o(i.arm_sub_f32), (26 bytes).
    Removing basicmathfunctions.o(i.arm_sub_q15), (28 bytes).
    Removing basicmathfunctions.o(i.arm_sub_q31), (22 bytes).
    Removing basicmathfunctions.o(i.arm_sub_q7), (30 bytes).
    Removing basicmathfunctions.o(i.arm_xor_u16), (26 bytes).
    Removing basicmathfunctions.o(i.arm_xor_u32), (20 bytes).
    Removing basicmathfunctions.o(i.arm_xor_u8), (26 bytes).
    Removing commontables.o(.rev16_text), (4 bytes).
    Removing commontables.o(.revsh_text), (4 bytes).
    Removing commontables.o(.rrx_text), (6 bytes).
    Removing commontables.o(.constdata), (2048 bytes).
    Removing commontables.o(.constdata), (256 bytes).
    Removing commontables.o(.constdata), (512 bytes).
    Removing commontables.o(.constdata), (1024 bytes).
    Removing commontables.o(.constdata), (2048 bytes).
    Removing commontables.o(.constdata), (4096 bytes).
    Removing commontables.o(.constdata), (8192 bytes).
    Removing commontables.o(.constdata), (16384 bytes).
    Removing commontables.o(.constdata), (32768 bytes).
    Removing commontables.o(.constdata), (65536 bytes).
    Removing commontables.o(.constdata), (128 bytes).
    Removing commontables.o(.constdata), (256 bytes).
    Removing commontables.o(.constdata), (512 bytes).
    Removing commontables.o(.constdata), (1024 bytes).
    Removing commontables.o(.constdata), (2048 bytes).
    Removing commontables.o(.constdata), (4096 bytes).
    Removing commontables.o(.constdata), (8192 bytes).
    Removing commontables.o(.constdata), (16384 bytes).
    Removing commontables.o(.constdata), (32768 bytes).
    Removing commontables.o(.constdata), (96 bytes).
    Removing commontables.o(.constdata), (192 bytes).
    Removing commontables.o(.constdata), (384 bytes).
    Removing commontables.o(.constdata), (768 bytes).
    Removing commontables.o(.constdata), (1536 bytes).
    Removing commontables.o(.constdata), (3072 bytes).
    Removing commontables.o(.constdata), (6144 bytes).
    Removing commontables.o(.constdata), (12288 bytes).
    Removing commontables.o(.constdata), (24576 bytes).
    Removing commontables.o(.constdata), (48 bytes).
    Removing commontables.o(.constdata), (96 bytes).
    Removing commontables.o(.constdata), (192 bytes).
    Removing commontables.o(.constdata), (384 bytes).
    Removing commontables.o(.constdata), (768 bytes).
    Removing commontables.o(.constdata), (1536 bytes).
    Removing commontables.o(.constdata), (3072 bytes).
    Removing commontables.o(.constdata), (6144 bytes).
    Removing commontables.o(.constdata), (12288 bytes).
    Removing commontables.o(.constdata), (24 bytes).
    Removing commontables.o(.constdata), (48 bytes).
    Removing commontables.o(.constdata), (112 bytes).
    Removing commontables.o(.constdata), (224 bytes).
    Removing commontables.o(.constdata), (480 bytes).
    Removing commontables.o(.constdata), (960 bytes).
    Removing commontables.o(.constdata), (1984 bytes).
    Removing commontables.o(.constdata), (3968 bytes).
    Removing commontables.o(.constdata), (8064 bytes).
    Removing commontables.o(.constdata), (40 bytes).
    Removing commontables.o(.constdata), (96 bytes).
    Removing commontables.o(.constdata), (112 bytes).
    Removing commontables.o(.constdata), (416 bytes).
    Removing commontables.o(.constdata), (880 bytes).
    Removing commontables.o(.constdata), (896 bytes).
    Removing commontables.o(.constdata), (3600 bytes).
    Removing commontables.o(.constdata), (7616 bytes).
    Removing commontables.o(.constdata), (8064 bytes).
    Removing commontables.o(.constdata), (24 bytes).
    Removing commontables.o(.constdata), (48 bytes).
    Removing commontables.o(.constdata), (112 bytes).
    Removing commontables.o(.constdata), (224 bytes).
    Removing commontables.o(.constdata), (480 bytes).
    Removing commontables.o(.constdata), (960 bytes).
    Removing commontables.o(.constdata), (1984 bytes).
    Removing commontables.o(.constdata), (3968 bytes).
    Removing commontables.o(.constdata), (8064 bytes).
    Removing commontables.o(.constdata), (256 bytes).
    Removing commontables.o(.constdata), (512 bytes).
    Removing commontables.o(.constdata), (1024 bytes).
    Removing commontables.o(.constdata), (2048 bytes).
    Removing commontables.o(.constdata), (4096 bytes).
    Removing commontables.o(.constdata), (8192 bytes).
    Removing commontables.o(.constdata), (16384 bytes).
    Removing commontables.o(.constdata), (32768 bytes).
    Removing commontables.o(.constdata), (128 bytes).
    Removing commontables.o(.constdata), (256 bytes).
    Removing commontables.o(.constdata), (512 bytes).
    Removing commontables.o(.constdata), (1024 bytes).
    Removing commontables.o(.constdata), (2048 bytes).
    Removing commontables.o(.constdata), (4096 bytes).
    Removing commontables.o(.constdata), (8192 bytes).
    Removing commontables.o(.constdata), (16384 bytes).
    Removing commontables.o(.constdata), (32768 bytes).
    Removing commontables.o(.constdata), (32768 bytes).
    Removing commontables.o(.constdata), (32768 bytes).
    Removing commontables.o(.constdata), (32768 bytes).
    Removing commontables.o(.constdata), (16384 bytes).
    Removing commontables.o(.constdata), (16384 bytes).
    Removing commontables.o(.constdata), (1024 bytes).
    Removing commontables.o(.constdata), (512 bytes).
    Removing commontables.o(.constdata), (4096 bytes).
    Removing commontables.o(.constdata), (2048 bytes).
    Removing commontables.o(.constdata), (16384 bytes).
    Removing commontables.o(.constdata), (8192 bytes).
    Removing commontables.o(.constdata), (65536 bytes).
    Removing commontables.o(.constdata), (32768 bytes).
    Removing commontables.o(.constdata), (512 bytes).
    Removing commontables.o(.constdata), (256 bytes).
    Removing commontables.o(.constdata), (2048 bytes).
    Removing commontables.o(.constdata), (1024 bytes).
    Removing commontables.o(.constdata), (8192 bytes).
    Removing commontables.o(.constdata), (4096 bytes).
    Removing commontables.o(.constdata), (32768 bytes).
    Removing commontables.o(.constdata), (16384 bytes).
    Removing commontables.o(.constdata), (1024 bytes).
    Removing commontables.o(.constdata), (512 bytes).
    Removing commontables.o(.constdata), (4096 bytes).
    Removing commontables.o(.constdata), (2048 bytes).
    Removing commontables.o(.constdata), (16384 bytes).
    Removing commontables.o(.constdata), (8192 bytes).
    Removing commontables.o(.constdata), (65536 bytes).
    Removing commontables.o(.constdata), (32768 bytes).
    Removing commontables.o(.constdata), (128 bytes).
    Removing commontables.o(.constdata), (256 bytes).
    Removing commontables.o(.constdata), (2052 bytes).
    Removing commontables.o(.constdata), (2052 bytes).
    Removing commontables.o(.constdata), (1026 bytes).
    Removing commontables.o(.constdata), (16 bytes).
    Removing commontables.o(.constdata), (16 bytes).
    Removing commontables.o(.constdata), (16 bytes).
    Removing commontables.o(.constdata), (16 bytes).
    Removing commontables.o(.constdata), (16 bytes).
    Removing commontables.o(.constdata), (16 bytes).
    Removing commontables.o(.constdata), (16 bytes).
    Removing commontables.o(.constdata), (16 bytes).
    Removing commontables.o(.constdata), (16 bytes).
    Removing commontables.o(.constdata), (16 bytes).
    Removing commontables.o(.constdata), (16 bytes).
    Removing commontables.o(.constdata), (16 bytes).
    Removing commontables.o(.constdata), (16 bytes).
    Removing commontables.o(.constdata), (16 bytes).
    Removing commontables.o(.constdata), (16 bytes).
    Removing commontables.o(.constdata), (16 bytes).
    Removing commontables.o(.constdata), (16 bytes).
    Removing commontables.o(.constdata), (16 bytes).
    Removing commontables.o(.constdata), (16 bytes).
    Removing commontables.o(.constdata), (16 bytes).
    Removing commontables.o(.constdata), (16 bytes).
    Removing commontables.o(.constdata), (16 bytes).
    Removing commontables.o(.constdata), (16 bytes).
    Removing commontables.o(.constdata), (16 bytes).
    Removing commontables.o(.constdata), (16 bytes).
    Removing commontables.o(.constdata), (16 bytes).
    Removing commontables.o(.constdata), (16 bytes).
    Removing commontables.o(.constdata), (16 bytes).
    Removing commontables.o(.constdata), (16 bytes).
    Removing commontables.o(.constdata), (16 bytes).
    Removing commontables.o(.constdata), (16 bytes).
    Removing commontables.o(.constdata), (16 bytes).
    Removing commontables.o(.constdata), (16 bytes).
    Removing commontables.o(.constdata), (16 bytes).
    Removing commontables.o(.constdata), (16 bytes).
    Removing commontables.o(.constdata), (16 bytes).
    Removing commontables.o(.constdata), (24 bytes).
    Removing commontables.o(.constdata), (24 bytes).
    Removing commontables.o(.constdata), (24 bytes).
    Removing commontables.o(.constdata), (24 bytes).
    Removing commontables.o(.constdata), (24 bytes).
    Removing commontables.o(.constdata), (24 bytes).
    Removing commontables.o(.constdata), (24 bytes).
    Removing commontables.o(.constdata), (24 bytes).
    Removing commontables.o(.constdata), (24 bytes).
    Removing commontables.o(.constdata), (24 bytes).
    Removing commontables.o(.constdata), (24 bytes).
    Removing commontables.o(.constdata), (24 bytes).
    Removing commontables.o(.constdata), (24 bytes).
    Removing commontables.o(.constdata), (24 bytes).
    Removing commontables.o(.constdata), (24 bytes).
    Removing commontables.o(.constdata), (24 bytes).
    Removing commontables.o(.constdata), (24 bytes).
    Removing commontables.o(.constdata), (24 bytes).
    Removing commontables.o(.constdata), (24 bytes).
    Removing commontables.o(.constdata), (24 bytes).
    Removing commontables.o(.constdata), (24 bytes).
    Removing commontables.o(.constdata), (24 bytes).
    Removing commontables.o(.constdata), (24 bytes).
    Removing commontables.o(.constdata), (24 bytes).
    Removing commontables.o(.constdata), (24 bytes).
    Removing commontables.o(.constdata), (24 bytes).
    Removing commontables.o(.constdata), (24 bytes).
    Removing commontables.o(.constdata), (24 bytes).
    Removing commontables.o(.constdata), (24 bytes).
    Removing commontables.o(.constdata), (24 bytes).
    Removing commontables.o(.constdata), (24 bytes).
    Removing commontables.o(.constdata), (24 bytes).
    Removing commontables.o(.constdata), (24 bytes).
    Removing commontables.o(.constdata), (24 bytes).
    Removing transformfunctions.o(.rev16_text), (4 bytes).
    Removing transformfunctions.o(.revsh_text), (4 bytes).
    Removing transformfunctions.o(.rrx_text), (6 bytes).
    Removing transformfunctions.o(i.arm_bitreversal_16), (66 bytes).
    Removing transformfunctions.o(i.arm_bitreversal_32), (64 bytes).
    Removing transformfunctions.o(i.arm_bitreversal_64), (108 bytes).
    Removing transformfunctions.o(i.arm_bitreversal_f32), (228 bytes).
    Removing transformfunctions.o(i.arm_bitreversal_q15), (100 bytes).
    Removing transformfunctions.o(i.arm_bitreversal_q31), (176 bytes).
    Removing transformfunctions.o(i.arm_cfft_f32), (212 bytes).
    Removing transformfunctions.o(i.arm_cfft_f64), (260 bytes).
    Removing transformfunctions.o(i.arm_cfft_init_f32), (248 bytes).
    Removing transformfunctions.o(i.arm_cfft_init_f64), (248 bytes).
    Removing transformfunctions.o(i.arm_cfft_init_q15), (248 bytes).
    Removing transformfunctions.o(i.arm_cfft_init_q31), (248 bytes).
    Removing transformfunctions.o(i.arm_cfft_q15), (176 bytes).
    Removing transformfunctions.o(i.arm_cfft_q31), (176 bytes).
    Removing transformfunctions.o(i.arm_cfft_radix2_f32), (60 bytes).
    Removing transformfunctions.o(i.arm_cfft_radix2_init_f32), (316 bytes).
    Removing transformfunctions.o(i.arm_cfft_radix2_init_q15), (208 bytes).
    Removing transformfunctions.o(i.arm_cfft_radix2_init_q31), (208 bytes).
    Removing transformfunctions.o(i.arm_cfft_radix2_q15), (48 bytes).
    Removing transformfunctions.o(i.arm_cfft_radix2_q31), (48 bytes).
    Removing transformfunctions.o(i.arm_cfft_radix4_f32), (60 bytes).
    Removing transformfunctions.o(i.arm_cfft_radix4_init_f32), (192 bytes).
    Removing transformfunctions.o(i.arm_cfft_radix4_init_q15), (132 bytes).
    Removing transformfunctions.o(i.arm_cfft_radix4_init_q31), (132 bytes).
    Removing transformfunctions.o(i.arm_cfft_radix4_q15), (56 bytes).
    Removing transformfunctions.o(i.arm_cfft_radix4_q31), (56 bytes).
    Removing transformfunctions.o(i.arm_cfft_radix4by2_f64), (330 bytes).
    Removing transformfunctions.o(i.arm_cfft_radix4by2_inverse_q15), (214 bytes).
    Removing transformfunctions.o(i.arm_cfft_radix4by2_inverse_q31), (232 bytes).
    Removing transformfunctions.o(i.arm_cfft_radix4by2_q15), (214 bytes).
    Removing transformfunctions.o(i.arm_cfft_radix4by2_q31), (232 bytes).
    Removing transformfunctions.o(i.arm_cfft_radix8by2_f32), (456 bytes).
    Removing transformfunctions.o(i.arm_cfft_radix8by4_f32), (1174 bytes).
    Removing transformfunctions.o(i.arm_dct4_f32), (200 bytes).
    Removing transformfunctions.o(i.arm_dct4_init_f32), (140 bytes).
    Removing transformfunctions.o(i.arm_dct4_init_q15), (132 bytes).
    Removing transformfunctions.o(i.arm_dct4_init_q31), (132 bytes).
    Removing transformfunctions.o(i.arm_dct4_q15), (186 bytes).
    Removing transformfunctions.o(i.arm_dct4_q31), (188 bytes).
    Removing transformfunctions.o(i.arm_radix2_butterfly_f32), (418 bytes).
    Removing transformfunctions.o(i.arm_radix2_butterfly_inverse_f32), (426 bytes).
    Removing transformfunctions.o(i.arm_radix2_butterfly_inverse_q15), (580 bytes).
    Removing transformfunctions.o(i.arm_radix2_butterfly_inverse_q31), (444 bytes).
    Removing transformfunctions.o(i.arm_radix2_butterfly_q15), (598 bytes).
    Removing transformfunctions.o(i.arm_radix2_butterfly_q31), (466 bytes).
    Removing transformfunctions.o(i.arm_radix4_butterfly_f32), (406 bytes).
    Removing transformfunctions.o(i.arm_radix4_butterfly_f64), (844 bytes).
    Removing transformfunctions.o(i.arm_radix4_butterfly_inverse_f32), (652 bytes).
    Removing transformfunctions.o(i.arm_radix4_butterfly_inverse_q15), (884 bytes).
    Removing transformfunctions.o(i.arm_radix4_butterfly_inverse_q31), (1122 bytes).
    Removing transformfunctions.o(i.arm_radix4_butterfly_q15), (884 bytes).
    Removing transformfunctions.o(i.arm_radix4_butterfly_q31), (1112 bytes).
    Removing transformfunctions.o(i.arm_radix8_butterfly_f32), (1478 bytes).
    Removing transformfunctions.o(i.arm_rfft_1024_fast_init_f32), (48 bytes).
    Removing transformfunctions.o(i.arm_rfft_1024_fast_init_f64), (56 bytes).
    Removing transformfunctions.o(i.arm_rfft_128_fast_init_f32), (44 bytes).
    Removing transformfunctions.o(i.arm_rfft_128_fast_init_f64), (52 bytes).
    Removing transformfunctions.o(i.arm_rfft_2048_fast_init_f32), (48 bytes).
    Removing transformfunctions.o(i.arm_rfft_2048_fast_init_f64), (56 bytes).
    Removing transformfunctions.o(i.arm_rfft_256_fast_init_f32), (44 bytes).
    Removing transformfunctions.o(i.arm_rfft_256_fast_init_f64), (52 bytes).
    Removing transformfunctions.o(i.arm_rfft_32_fast_init_f32), (44 bytes).
    Removing transformfunctions.o(i.arm_rfft_32_fast_init_f64), (52 bytes).
    Removing transformfunctions.o(i.arm_rfft_4096_fast_init_f32), (48 bytes).
    Removing transformfunctions.o(i.arm_rfft_4096_fast_init_f64), (56 bytes).
    Removing transformfunctions.o(i.arm_rfft_512_fast_init_f32), (48 bytes).
    Removing transformfunctions.o(i.arm_rfft_512_fast_init_f64), (52 bytes).
    Removing transformfunctions.o(i.arm_rfft_64_fast_init_f32), (44 bytes).
    Removing transformfunctions.o(i.arm_rfft_64_fast_init_f64), (52 bytes).
    Removing transformfunctions.o(i.arm_rfft_f32), (126 bytes).
    Removing transformfunctions.o(i.arm_rfft_fast_f32), (66 bytes).
    Removing transformfunctions.o(i.arm_rfft_fast_f64), (74 bytes).
    Removing transformfunctions.o(i.arm_rfft_fast_init_f32), (124 bytes).
    Removing transformfunctions.o(i.arm_rfft_fast_init_f64), (124 bytes).
    Removing transformfunctions.o(i.arm_rfft_init_f32), (120 bytes).
    Removing transformfunctions.o(i.arm_rfft_init_q15), (212 bytes).
    Removing transformfunctions.o(i.arm_rfft_init_q31), (212 bytes).
    Removing transformfunctions.o(i.arm_rfft_q15), (110 bytes).
    Removing transformfunctions.o(i.arm_rfft_q31), (110 bytes).
    Removing transformfunctions.o(i.arm_split_rfft_f32), (228 bytes).
    Removing transformfunctions.o(i.arm_split_rfft_q15), (304 bytes).
    Removing transformfunctions.o(i.arm_split_rfft_q31), (262 bytes).
    Removing transformfunctions.o(i.arm_split_rifft_f32), (122 bytes).
    Removing transformfunctions.o(i.arm_split_rifft_q15), (162 bytes).
    Removing transformfunctions.o(i.arm_split_rifft_q31), (118 bytes).
    Removing transformfunctions.o(i.merge_rfft_f32), (154 bytes).
    Removing transformfunctions.o(i.merge_rfft_f64), (344 bytes).
    Removing transformfunctions.o(i.stage_rfft_f32), (162 bytes).
    Removing transformfunctions.o(i.stage_rfft_f64), (372 bytes).
    Removing complexmathfunctions.o(.rev16_text), (4 bytes).
    Removing complexmathfunctions.o(.revsh_text), (4 bytes).
    Removing complexmathfunctions.o(.rrx_text), (6 bytes).
    Removing complexmathfunctions.o(i.arm_cmplx_conj_f32), (30 bytes).
    Removing complexmathfunctions.o(i.arm_cmplx_conj_q15), (30 bytes).
    Removing complexmathfunctions.o(i.arm_cmplx_conj_q31), (30 bytes).
    Removing complexmathfunctions.o(i.arm_cmplx_dot_prod_f32), (68 bytes).
    Removing complexmathfunctions.o(i.arm_cmplx_dot_prod_q15), (92 bytes).
    Removing complexmathfunctions.o(i.arm_cmplx_dot_prod_q31), (128 bytes).
    Removing complexmathfunctions.o(i.arm_cmplx_mag_f32), (64 bytes).
    Removing complexmathfunctions.o(i.arm_cmplx_mag_q15), (42 bytes).
    Removing complexmathfunctions.o(i.arm_cmplx_mag_q31), (46 bytes).
    Removing complexmathfunctions.o(i.arm_cmplx_mag_squared_f32), (30 bytes).
    Removing complexmathfunctions.o(i.arm_cmplx_mag_squared_q15), (32 bytes).
    Removing complexmathfunctions.o(i.arm_cmplx_mag_squared_q31), (34 bytes).
    Removing complexmathfunctions.o(i.arm_cmplx_mult_cmplx_f32), (50 bytes).
    Removing complexmathfunctions.o(i.arm_cmplx_mult_cmplx_q15), (66 bytes).
    Removing complexmathfunctions.o(i.arm_cmplx_mult_cmplx_q31), (78 bytes).
    Removing complexmathfunctions.o(i.arm_cmplx_mult_real_f32), (38 bytes).
    Removing complexmathfunctions.o(i.arm_cmplx_mult_real_q15), (44 bytes).
    Removing complexmathfunctions.o(i.arm_cmplx_mult_real_q31), (46 bytes).
    Removing fastmathfunctions.o(.rev16_text), (4 bytes).
    Removing fastmathfunctions.o(.revsh_text), (4 bytes).
    Removing fastmathfunctions.o(.rrx_text), (6 bytes).
    Removing fastmathfunctions.o(i.arm_cos_f32), (136 bytes).
    Removing fastmathfunctions.o(i.arm_cos_q15), (68 bytes).
    Removing fastmathfunctions.o(i.arm_cos_q31), (68 bytes).
    Removing fastmathfunctions.o(i.arm_sin_f32), (132 bytes).
    Removing fastmathfunctions.o(i.arm_sin_q15), (60 bytes).
    Removing fastmathfunctions.o(i.arm_sin_q31), (64 bytes).
    Removing fastmathfunctions.o(i.arm_sqrt_q15), (276 bytes).
    Removing fastmathfunctions.o(i.arm_sqrt_q31), (304 bytes).
    Removing fastmathfunctions.o(i.arm_vexp_f32), (30 bytes).
    Removing fastmathfunctions.o(i.arm_vlog_f32), (30 bytes).
    Removing printf.o(.rev16_text), (4 bytes).
    Removing printf.o(.revsh_text), (4 bytes).
    Removing printf.o(.rrx_text), (6 bytes).
    Removing printf.o(i.fputc), (36 bytes).
    Removing dadd.o(.text), (334 bytes).
    Removing dmul.o(.text), (228 bytes).
    Removing ddiv.o(.text), (222 bytes).
    Removing dneg.o(.text), (6 bytes).
    Removing dfltui.o(.text), (26 bytes).
    Removing depilogue.o(.text), (186 bytes).
    Removing fpstat.o(.text), (4 bytes).

1186 unused section(s) (total 983737 bytes) removed from the image.

==============================================================================

Image Symbol Table

    Local Symbols

    Symbol Name                              Value     Ov Type        Size  Object(Section)

    ../clib/microlib/errno.c                 0x00000000   Number         0  errno.o ABSOLUTE
    ../clib/microlib/init/entry.s            0x00000000   Number         0  entry7b.o ABSOLUTE
    ../clib/microlib/init/entry.s            0x00000000   Number         0  entry11b.o ABSOLUTE
    ../clib/microlib/init/entry.s            0x00000000   Number         0  entry10b.o ABSOLUTE
    ../clib/microlib/init/entry.s            0x00000000   Number         0  entry10a.o ABSOLUTE
    ../clib/microlib/init/entry.s            0x00000000   Number         0  entry9b.o ABSOLUTE
    ../clib/microlib/init/entry.s            0x00000000   Number         0  entry9a.o ABSOLUTE
    ../clib/microlib/init/entry.s            0x00000000   Number         0  entry8b.o ABSOLUTE
    ../clib/microlib/init/entry.s            0x00000000   Number         0  entry8a.o ABSOLUTE
    ../clib/microlib/init/entry.s            0x00000000   Number         0  entry7a.o ABSOLUTE
    ../clib/microlib/init/entry.s            0x00000000   Number         0  entry2.o ABSOLUTE
    ../clib/microlib/init/entry.s            0x00000000   Number         0  entry5.o ABSOLUTE
    ../clib/microlib/init/entry.s            0x00000000   Number         0  entry.o ABSOLUTE
    ../clib/microlib/init/entry.s            0x00000000   Number         0  entry11a.o ABSOLUTE
    ../clib/microlib/longlong.c              0x00000000   Number         0  llushr.o ABSOLUTE
    ../clib/microlib/longlong.c              0x00000000   Number         0  llshl.o ABSOLUTE
    ../clib/microlib/longlong.c              0x00000000   Number         0  llsshr.o ABSOLUTE
    ../clib/microlib/stubs.s                 0x00000000   Number         0  iusefp.o ABSOLUTE
    ../fplib/microlib/fpadd.c                0x00000000   Number         0  dadd.o ABSOLUTE
    ../fplib/microlib/fpdiv.c                0x00000000   Number         0  ddiv.o ABSOLUTE
    ../fplib/microlib/fpepilogue.c           0x00000000   Number         0  depilogue.o ABSOLUTE
    ../fplib/microlib/fpflt.c                0x00000000   Number         0  dfltui.o ABSOLUTE
    ../fplib/microlib/fpmul.c                0x00000000   Number         0  dmul.o ABSOLUTE
    ../fplib/microlib/fpneg.c                0x00000000   Number         0  dneg.o ABSOLUTE
    ../fplib/microlib/fpstat.c               0x00000000   Number         0  fpstat.o ABSOLUTE
    ../mathlib/expf.c                        0x00000000   Number         0  expf_x.o ABSOLUTE
    ../mathlib/expf.c                        0x00000000   Number         0  expf.o ABSOLUTE
    ../mathlib/fpclassifyf.c                 0x00000000   Number         0  fpclassifyf.o ABSOLUTE
    ../mathlib/funder.c                      0x00000000   Number         0  funder.o ABSOLUTE
    ../mathlib/logf.c                        0x00000000   Number         0  logf_x.o ABSOLUTE
    ../mathlib/logf.c                        0x00000000   Number         0  logf.o ABSOLUTE
    ..\BSP\Src\printf.c                      0x00000000   Number         0  printf.o ABSOLUTE
    ..\CMSIS-DSP\DSP\Source\BasicMathFunctions\BasicMathFunctions.c 0x00000000   Number         0  basicmathfunctions.o ABSOLUTE
    ..\CMSIS-DSP\DSP\Source\CommonTables\CommonTables.c 0x00000000   Number         0  commontables.o ABSOLUTE
    ..\CMSIS-DSP\DSP\Source\ComplexMathFunctions\ComplexMathFunctions.c 0x00000000   Number         0  complexmathfunctions.o ABSOLUTE
    ..\CMSIS-DSP\DSP\Source\FastMathFunctions\FastMathFunctions.c 0x00000000   Number         0  fastmathfunctions.o ABSOLUTE
    ..\CMSIS-DSP\DSP\Source\TransformFunctions\TransformFunctions.c 0x00000000   Number         0  transformfunctions.o ABSOLUTE
    ..\CORE\startup_stm32f40_41xxx.s         0x00000000   Number         0  startup_stm32f40_41xxx.o ABSOLUTE
    ..\FWLIB\src\misc.c                      0x00000000   Number         0  misc.o ABSOLUTE
    ..\FWLIB\src\stm32f4xx_adc.c             0x00000000   Number         0  stm32f4xx_adc.o ABSOLUTE
    ..\FWLIB\src\stm32f4xx_can.c             0x00000000   Number         0  stm32f4xx_can.o ABSOLUTE
    ..\FWLIB\src\stm32f4xx_crc.c             0x00000000   Number         0  stm32f4xx_crc.o ABSOLUTE
    ..\FWLIB\src\stm32f4xx_cryp.c            0x00000000   Number         0  stm32f4xx_cryp.o ABSOLUTE
    ..\FWLIB\src\stm32f4xx_cryp_aes.c        0x00000000   Number         0  stm32f4xx_cryp_aes.o ABSOLUTE
    ..\FWLIB\src\stm32f4xx_cryp_des.c        0x00000000   Number         0  stm32f4xx_cryp_des.o ABSOLUTE
    ..\FWLIB\src\stm32f4xx_cryp_tdes.c       0x00000000   Number         0  stm32f4xx_cryp_tdes.o ABSOLUTE
    ..\FWLIB\src\stm32f4xx_dac.c             0x00000000   Number         0  stm32f4xx_dac.o ABSOLUTE
    ..\FWLIB\src\stm32f4xx_dbgmcu.c          0x00000000   Number         0  stm32f4xx_dbgmcu.o ABSOLUTE
    ..\FWLIB\src\stm32f4xx_dcmi.c            0x00000000   Number         0  stm32f4xx_dcmi.o ABSOLUTE
    ..\FWLIB\src\stm32f4xx_dma.c             0x00000000   Number         0  stm32f4xx_dma.o ABSOLUTE
    ..\FWLIB\src\stm32f4xx_dma2d.c           0x00000000   Number         0  stm32f4xx_dma2d.o ABSOLUTE
    ..\FWLIB\src\stm32f4xx_exti.c            0x00000000   Number         0  stm32f4xx_exti.o ABSOLUTE
    ..\FWLIB\src\stm32f4xx_flash.c           0x00000000   Number         0  stm32f4xx_flash.o ABSOLUTE
    ..\FWLIB\src\stm32f4xx_flash_ramfunc.c   0x00000000   Number         0  stm32f4xx_flash_ramfunc.o ABSOLUTE
    ..\FWLIB\src\stm32f4xx_fsmc.c            0x00000000   Number         0  stm32f4xx_fsmc.o ABSOLUTE
    ..\FWLIB\src\stm32f4xx_gpio.c            0x00000000   Number         0  stm32f4xx_gpio.o ABSOLUTE
    ..\FWLIB\src\stm32f4xx_hash.c            0x00000000   Number         0  stm32f4xx_hash.o ABSOLUTE
    ..\FWLIB\src\stm32f4xx_hash_md5.c        0x00000000   Number         0  stm32f4xx_hash_md5.o ABSOLUTE
    ..\FWLIB\src\stm32f4xx_hash_sha1.c       0x00000000   Number         0  stm32f4xx_hash_sha1.o ABSOLUTE
    ..\FWLIB\src\stm32f4xx_i2c.c             0x00000000   Number         0  stm32f4xx_i2c.o ABSOLUTE
    ..\FWLIB\src\stm32f4xx_iwdg.c            0x00000000   Number         0  stm32f4xx_iwdg.o ABSOLUTE
    ..\FWLIB\src\stm32f4xx_ltdc.c            0x00000000   Number         0  stm32f4xx_ltdc.o ABSOLUTE
    ..\FWLIB\src\stm32f4xx_pwr.c             0x00000000   Number         0  stm32f4xx_pwr.o ABSOLUTE
    ..\FWLIB\src\stm32f4xx_rcc.c             0x00000000   Number         0  stm32f4xx_rcc.o ABSOLUTE
    ..\FWLIB\src\stm32f4xx_rng.c             0x00000000   Number         0  stm32f4xx_rng.o ABSOLUTE
    ..\FWLIB\src\stm32f4xx_rtc.c             0x00000000   Number         0  stm32f4xx_rtc.o ABSOLUTE
    ..\FWLIB\src\stm32f4xx_sai.c             0x00000000   Number         0  stm32f4xx_sai.o ABSOLUTE
    ..\FWLIB\src\stm32f4xx_sdio.c            0x00000000   Number         0  stm32f4xx_sdio.o ABSOLUTE
    ..\FWLIB\src\stm32f4xx_spi.c             0x00000000   Number         0  stm32f4xx_spi.o ABSOLUTE
    ..\FWLIB\src\stm32f4xx_syscfg.c          0x00000000   Number         0  stm32f4xx_syscfg.o ABSOLUTE
    ..\FWLIB\src\stm32f4xx_tim.c             0x00000000   Number         0  stm32f4xx_tim.o ABSOLUTE
    ..\FWLIB\src\stm32f4xx_usart.c           0x00000000   Number         0  stm32f4xx_usart.o ABSOLUTE
    ..\FWLIB\src\stm32f4xx_wwdg.c            0x00000000   Number         0  stm32f4xx_wwdg.o ABSOLUTE
    ..\LCD\src\LCD.c                         0x00000000   Number         0  lcd.o ABSOLUTE
    ..\SYSTEM\sys\sys.c                      0x00000000   Number         0  sys.o ABSOLUTE
    ..\\BSP\\Src\\printf.c                   0x00000000   Number         0  printf.o ABSOLUTE
    ..\\CMSIS-DSP\\DSP\\Source\\BasicMathFunctions\\BasicMathFunctions.c 0x00000000   Number         0  basicmathfunctions.o ABSOLUTE
    ..\\CMSIS-DSP\\DSP\\Source\\CommonTables\\CommonTables.c 0x00000000   Number         0  commontables.o ABSOLUTE
    ..\\CMSIS-DSP\\DSP\\Source\\ComplexMathFunctions\\ComplexMathFunctions.c 0x00000000   Number         0  complexmathfunctions.o ABSOLUTE
    ..\\CMSIS-DSP\\DSP\\Source\\FastMathFunctions\\FastMathFunctions.c 0x00000000   Number         0  fastmathfunctions.o ABSOLUTE
    ..\\CMSIS-DSP\\DSP\\Source\\TransformFunctions\\TransformFunctions.c 0x00000000   Number         0  transformfunctions.o ABSOLUTE
    ..\\FWLIB\\src\\misc.c                   0x00000000   Number         0  misc.o ABSOLUTE
    ..\\FWLIB\\src\\stm32f4xx_adc.c          0x00000000   Number         0  stm32f4xx_adc.o ABSOLUTE
    ..\\FWLIB\\src\\stm32f4xx_can.c          0x00000000   Number         0  stm32f4xx_can.o ABSOLUTE
    ..\\FWLIB\\src\\stm32f4xx_crc.c          0x00000000   Number         0  stm32f4xx_crc.o ABSOLUTE
    ..\\FWLIB\\src\\stm32f4xx_cryp.c         0x00000000   Number         0  stm32f4xx_cryp.o ABSOLUTE
    ..\\FWLIB\\src\\stm32f4xx_cryp_aes.c     0x00000000   Number         0  stm32f4xx_cryp_aes.o ABSOLUTE
    ..\\FWLIB\\src\\stm32f4xx_cryp_des.c     0x00000000   Number         0  stm32f4xx_cryp_des.o ABSOLUTE
    ..\\FWLIB\\src\\stm32f4xx_cryp_tdes.c    0x00000000   Number         0  stm32f4xx_cryp_tdes.o ABSOLUTE
    ..\\FWLIB\\src\\stm32f4xx_dac.c          0x00000000   Number         0  stm32f4xx_dac.o ABSOLUTE
    ..\\FWLIB\\src\\stm32f4xx_dbgmcu.c       0x00000000   Number         0  stm32f4xx_dbgmcu.o ABSOLUTE
    ..\\FWLIB\\src\\stm32f4xx_dcmi.c         0x00000000   Number         0  stm32f4xx_dcmi.o ABSOLUTE
    ..\\FWLIB\\src\\stm32f4xx_dma.c          0x00000000   Number         0  stm32f4xx_dma.o ABSOLUTE
    ..\\FWLIB\\src\\stm32f4xx_dma2d.c        0x00000000   Number         0  stm32f4xx_dma2d.o ABSOLUTE
    ..\\FWLIB\\src\\stm32f4xx_exti.c         0x00000000   Number         0  stm32f4xx_exti.o ABSOLUTE
    ..\\FWLIB\\src\\stm32f4xx_flash.c        0x00000000   Number         0  stm32f4xx_flash.o ABSOLUTE
    ..\\FWLIB\\src\\stm32f4xx_flash_ramfunc.c 0x00000000   Number         0  stm32f4xx_flash_ramfunc.o ABSOLUTE
    ..\\FWLIB\\src\\stm32f4xx_fsmc.c         0x00000000   Number         0  stm32f4xx_fsmc.o ABSOLUTE
    ..\\FWLIB\\src\\stm32f4xx_gpio.c         0x00000000   Number         0  stm32f4xx_gpio.o ABSOLUTE
    ..\\FWLIB\\src\\stm32f4xx_hash.c         0x00000000   Number         0  stm32f4xx_hash.o ABSOLUTE
    ..\\FWLIB\\src\\stm32f4xx_hash_md5.c     0x00000000   Number         0  stm32f4xx_hash_md5.o ABSOLUTE
    ..\\FWLIB\\src\\stm32f4xx_hash_sha1.c    0x00000000   Number         0  stm32f4xx_hash_sha1.o ABSOLUTE
    ..\\FWLIB\\src\\stm32f4xx_i2c.c          0x00000000   Number         0  stm32f4xx_i2c.o ABSOLUTE
    ..\\FWLIB\\src\\stm32f4xx_iwdg.c         0x00000000   Number         0  stm32f4xx_iwdg.o ABSOLUTE
    ..\\FWLIB\\src\\stm32f4xx_ltdc.c         0x00000000   Number         0  stm32f4xx_ltdc.o ABSOLUTE
    ..\\FWLIB\\src\\stm32f4xx_pwr.c          0x00000000   Number         0  stm32f4xx_pwr.o ABSOLUTE
    ..\\FWLIB\\src\\stm32f4xx_rcc.c          0x00000000   Number         0  stm32f4xx_rcc.o ABSOLUTE
    ..\\FWLIB\\src\\stm32f4xx_rng.c          0x00000000   Number         0  stm32f4xx_rng.o ABSOLUTE
    ..\\FWLIB\\src\\stm32f4xx_rtc.c          0x00000000   Number         0  stm32f4xx_rtc.o ABSOLUTE
    ..\\FWLIB\\src\\stm32f4xx_sai.c          0x00000000   Number         0  stm32f4xx_sai.o ABSOLUTE
    ..\\FWLIB\\src\\stm32f4xx_sdio.c         0x00000000   Number         0  stm32f4xx_sdio.o ABSOLUTE
    ..\\FWLIB\\src\\stm32f4xx_spi.c          0x00000000   Number         0  stm32f4xx_spi.o ABSOLUTE
    ..\\FWLIB\\src\\stm32f4xx_syscfg.c       0x00000000   Number         0  stm32f4xx_syscfg.o ABSOLUTE
    ..\\FWLIB\\src\\stm32f4xx_tim.c          0x00000000   Number         0  stm32f4xx_tim.o ABSOLUTE
    ..\\FWLIB\\src\\stm32f4xx_usart.c        0x00000000   Number         0  stm32f4xx_usart.o ABSOLUTE
    ..\\FWLIB\\src\\stm32f4xx_wwdg.c         0x00000000   Number         0  stm32f4xx_wwdg.o ABSOLUTE
    ..\\LCD\\src\\LCD.c                      0x00000000   Number         0  lcd.o ABSOLUTE
    ..\\SYSTEM\\sys\\sys.c                   0x00000000   Number         0  sys.o ABSOLUTE
    dc.s                                     0x00000000   Number         0  dc.o ABSOLUTE
    handlers.s                               0x00000000   Number         0  handlers.o ABSOLUTE
    init.s                                   0x00000000   Number         0  init.o ABSOLUTE
    main.c                                   0x00000000   Number         0  main.o ABSOLUTE
    main.c                                   0x00000000   Number         0  main.o ABSOLUTE
    stm32f4xx_it.c                           0x00000000   Number         0  stm32f4xx_it.o ABSOLUTE
    stm32f4xx_it.c                           0x00000000   Number         0  stm32f4xx_it.o ABSOLUTE
    system_stm32f4xx.c                       0x00000000   Number         0  system_stm32f4xx.o ABSOLUTE
    system_stm32f4xx.c                       0x00000000   Number         0  system_stm32f4xx.o ABSOLUTE
    RESET                                    0x08000000   Section      392  startup_stm32f40_41xxx.o(RESET)
    .ARM.Collect$$$$00000000                 0x08000188   Section        0  entry.o(.ARM.Collect$$$$00000000)
    .ARM.Collect$$$$00000001                 0x08000188   Section        4  entry2.o(.ARM.Collect$$$$00000001)
    .ARM.Collect$$$$00000004                 0x0800018c   Section        4  entry5.o(.ARM.Collect$$$$00000004)
    .ARM.Collect$$$$00000008                 0x08000190   Section        0  entry7b.o(.ARM.Collect$$$$00000008)
    .ARM.Collect$$$$0000000A                 0x08000190   Section        0  entry8b.o(.ARM.Collect$$$$0000000A)
    .ARM.Collect$$$$0000000B                 0x08000190   Section        8  entry9a.o(.ARM.Collect$$$$0000000B)
    .ARM.Collect$$$$0000000D                 0x08000198   Section        0  entry10a.o(.ARM.Collect$$$$0000000D)
    .ARM.Collect$$$$0000000F                 0x08000198   Section        0  entry11a.o(.ARM.Collect$$$$0000000F)
    .ARM.Collect$$$$00002712                 0x08000198   Section        4  entry2.o(.ARM.Collect$$$$00002712)
    __lit__00000000                          0x08000198   Data           4  entry2.o(.ARM.Collect$$$$00002712)
    .text                                    0x0800019c   Section       36  startup_stm32f40_41xxx.o(.text)
    $v0                                      0x0800019c   Number         0  startup_stm32f40_41xxx.o(.text)
    .text                                    0x080001c0   Section       36  init.o(.text)
    i.ADC_Cmd                                0x080001e4   Section        0  stm32f4xx_adc.o(i.ADC_Cmd)
    i.ADC_Config                             0x080001fc   Section        0  main.o(i.ADC_Config)
    i.ADC_DMACmd                             0x0800026c   Section        0  stm32f4xx_adc.o(i.ADC_DMACmd)
    i.ADC_DMARequestAfterLastTransferCmd     0x08000284   Section        0  stm32f4xx_adc.o(i.ADC_DMARequestAfterLastTransferCmd)
    i.ADC_Init                               0x0800029c   Section        0  stm32f4xx_adc.o(i.ADC_Init)
    i.ADC_RegularChannelConfig               0x080002e8   Section        0  stm32f4xx_adc.o(i.ADC_RegularChannelConfig)
    i.BusFault_Handler                       0x0800035c   Section        0  stm32f4xx_it.o(i.BusFault_Handler)
    i.DMA_Cmd                                0x0800035e   Section        0  stm32f4xx_dma.o(i.DMA_Cmd)
    i.DMA_Config                             0x08000378   Section        0  main.o(i.DMA_Config)
    i.DMA_Init                               0x080003ec   Section        0  stm32f4xx_dma.o(i.DMA_Init)
    i.DebugMon_Handler                       0x08000440   Section        0  stm32f4xx_it.o(i.DebugMon_Handler)
    i.EXTI0_IRQHandler                       0x08000444   Section        0  main.o(i.EXTI0_IRQHandler)
    i.EXTI0_init                             0x08000460   Section        0  main.o(i.EXTI0_init)
    i.EXTI_ClearFlag                         0x080004d8   Section        0  stm32f4xx_exti.o(i.EXTI_ClearFlag)
    i.EXTI_ClearITPendingBit                 0x080004e4   Section        0  stm32f4xx_exti.o(i.EXTI_ClearITPendingBit)
    i.EXTI_Init                              0x080004f0   Section        0  stm32f4xx_exti.o(i.EXTI_Init)
    i.FSMC_NORSRAMCmd                        0x08000564   Section        0  stm32f4xx_fsmc.o(i.FSMC_NORSRAMCmd)
    i.FSMC_NORSRAMInit                       0x08000588   Section        0  stm32f4xx_fsmc.o(i.FSMC_NORSRAMInit)
    i.FSMC_init                              0x08000654   Section        0  main.o(i.FSMC_init)
    i.GPIO_Configuration                     0x080007d8   Section        0  main.o(i.GPIO_Configuration)
    i.GPIO_Init                              0x08000858   Section        0  stm32f4xx_gpio.o(i.GPIO_Init)
    i.GPIO_PinAFConfig                       0x080008d4   Section        0  stm32f4xx_gpio.o(i.GPIO_PinAFConfig)
    i.GPIO_ToggleBits                        0x080008f4   Section        0  stm32f4xx_gpio.o(i.GPIO_ToggleBits)
    i.HardFault_Handler                      0x080008fc   Section        0  stm32f4xx_it.o(i.HardFault_Handler)
    i.LCD_Clear1                             0x08000900   Section        0  lcd.o(i.LCD_Clear1)
    i.LCD_Init9481                           0x0800093c   Section        0  lcd.o(i.LCD_Init9481)
    i.LCD_SetCursor                          0x08000a40   Section        0  lcd.o(i.LCD_SetCursor)
    i.LCD_ShowCharBig                        0x08000a7c   Section        0  lcd.o(i.LCD_ShowCharBig)
    i.LCD_ShowChineseBig                     0x08000b74   Section        0  lcd.o(i.LCD_ShowChineseBig)
    i.LCD_ShowChineseStringBig               0x08000ca4   Section        0  lcd.o(i.LCD_ShowChineseStringBig)
    i.LCD_ShowStringBig                      0x08000cd4   Section        0  lcd.o(i.LCD_ShowStringBig)
    i.MemManage_Handler                      0x08000cfc   Section        0  stm32f4xx_it.o(i.MemManage_Handler)
    i.NMI_Handler                            0x08000cfe   Section        0  stm32f4xx_it.o(i.NMI_Handler)
    i.NVIC_Init                              0x08000d00   Section        0  misc.o(i.NVIC_Init)
    i.NVIC_PriorityGroupConfig               0x08000d68   Section        0  misc.o(i.NVIC_PriorityGroupConfig)
    i.PendSV_Handler                         0x08000d7c   Section        0  stm32f4xx_it.o(i.PendSV_Handler)
    i.RCC_AHB1PeriphClockCmd                 0x08000d80   Section        0  stm32f4xx_rcc.o(i.RCC_AHB1PeriphClockCmd)
    i.RCC_AHB3PeriphClockCmd                 0x08000d9c   Section        0  stm32f4xx_rcc.o(i.RCC_AHB3PeriphClockCmd)
    i.RCC_APB1PeriphClockCmd                 0x08000db8   Section        0  stm32f4xx_rcc.o(i.RCC_APB1PeriphClockCmd)
    i.RCC_APB2PeriphClockCmd                 0x08000dd4   Section        0  stm32f4xx_rcc.o(i.RCC_APB2PeriphClockCmd)
    i.RCC_GetClocksFreq                      0x08000df0   Section        0  stm32f4xx_rcc.o(i.RCC_GetClocksFreq)
    i.SVC_Handler                            0x08000e90   Section        0  stm32f4xx_it.o(i.SVC_Handler)
    i.SYSCFG_EXTILineConfig                  0x08000e94   Section        0  stm32f4xx_syscfg.o(i.SYSCFG_EXTILineConfig)
    i.SetSysClock                            0x08000ec0   Section        0  system_stm32f4xx.o(i.SetSysClock)
    SetSysClock                              0x08000ec1   Thumb Code   168  system_stm32f4xx.o(i.SetSysClock)
    i.SysTick_CLKSourceConfig                0x08000f78   Section        0  misc.o(i.SysTick_CLKSourceConfig)
    i.SysTick_Handler                        0x08000f94   Section        0  main.o(i.SysTick_Handler)
    i.SysTick_Init                           0x08000fb4   Section        0  main.o(i.SysTick_Init)
    i.SystemInit                             0x08000fe4   Section        0  system_stm32f4xx.o(i.SystemInit)
    i.TIM4_IRQHandler                        0x08001040   Section        0  main.o(i.TIM4_IRQHandler)
    i.TIM4_Init                              0x0800107c   Section        0  main.o(i.TIM4_Init)
    i.TIM_ClearITPendingBit                  0x080010dc   Section        0  stm32f4xx_tim.o(i.TIM_ClearITPendingBit)
    i.TIM_Cmd                                0x080010e2   Section        0  stm32f4xx_tim.o(i.TIM_Cmd)
    i.TIM_Config                             0x080010fc   Section        0  main.o(i.TIM_Config)
    i.TIM_GetITStatus                        0x0800117c   Section        0  stm32f4xx_tim.o(i.TIM_GetITStatus)
    i.TIM_ITConfig                           0x08001194   Section        0  stm32f4xx_tim.o(i.TIM_ITConfig)
    i.TIM_OC3Init                            0x080011a8   Section        0  stm32f4xx_tim.o(i.TIM_OC3Init)
    i.TIM_SelectOutputTrigger                0x0800122c   Section        0  stm32f4xx_tim.o(i.TIM_SelectOutputTrigger)
    i.TIM_TimeBaseInit                       0x0800123c   Section        0  stm32f4xx_tim.o(i.TIM_TimeBaseInit)
    i.USART1_IRQHandler                      0x080012b8   Section        0  printf.o(i.USART1_IRQHandler)
    i.USART1_Init                            0x080012ec   Section        0  printf.o(i.USART1_Init)
    i.USART_Cmd                              0x0800139c   Section        0  stm32f4xx_usart.o(i.USART_Cmd)
    i.USART_GetFlagStatus                    0x080013b4   Section        0  stm32f4xx_usart.o(i.USART_GetFlagStatus)
    i.USART_GetITStatus                      0x080013c2   Section        0  stm32f4xx_usart.o(i.USART_GetITStatus)
    i.USART_ITConfig                         0x08001402   Section        0  stm32f4xx_usart.o(i.USART_ITConfig)
    i.USART_Init                             0x08001438   Section        0  stm32f4xx_usart.o(i.USART_Init)
    i.USART_ReceiveData                      0x080014f4   Section        0  stm32f4xx_usart.o(i.USART_ReceiveData)
    i.USART_SendData                         0x080014fc   Section        0  stm32f4xx_usart.o(i.USART_SendData)
    i.UsageFault_Handler                     0x08001504   Section        0  stm32f4xx_it.o(i.UsageFault_Handler)
    i.__scatterload_copy                     0x08001506   Section       14  handlers.o(i.__scatterload_copy)
    i.__scatterload_null                     0x08001514   Section        2  handlers.o(i.__scatterload_null)
    i.__scatterload_zeroinit                 0x08001516   Section       14  handlers.o(i.__scatterload_zeroinit)
    i.delay_100ms                            0x08001524   Section        0  lcd.o(i.delay_100ms)
    i.main                                   0x0800154c   Section        0  main.o(i.main)
    .constdata                               0x08001614   Section    32080  lcd.o(.constdata)
    .data                                    0x20000000   Section       12  main.o(.data)
    count                                    0x20000008   Data           4  main.o(.data)
    .data                                    0x2000000c   Section       20  system_stm32f4xx.o(.data)
    .data                                    0x20000020   Section       16  stm32f4xx_rcc.o(.data)
    APBAHBPrescTable                         0x20000020   Data          16  stm32f4xx_rcc.o(.data)
    .data                                    0x20000030   Section        4  lcd.o(.data)
    .bss                                     0x20000034   Section     8192  main.o(.bss)
    STACK                                    0x20002038   Section     4096  startup_stm32f40_41xxx.o(STACK)

    Global Symbols

    Symbol Name                              Value     Ov Type        Size  Object(Section)

    BuildAttributes$$THM_ISAv4$E$P$D$K$B$S$7EM$VFPi3$EXTD16$VFPS$VFMA$PE$A:L22UL41UL21$X:L11$S22US41US21$IEEE1$IW$USESV6$~STKCKD$USESV7$~SHL$OTIME$ROPI$IEEEX$EBA8$MICROLIB$REQ8$PRES8$EABIv2 0x00000000   Number         0  anon$$obj.o ABSOLUTE
    __ARM_use_no_argv                        0x00000000   Number         0  main.o ABSOLUTE
    __cpp_initialize__aeabi_                  - Undefined Weak Reference
    __cxa_finalize                            - Undefined Weak Reference
    __decompress                              - Undefined Weak Reference
    _clock_init                               - Undefined Weak Reference
    _microlib_exit                            - Undefined Weak Reference
    __Vectors_Size                           0x00000188   Number         0  startup_stm32f40_41xxx.o ABSOLUTE
    __Vectors                                0x08000000   Data           4  startup_stm32f40_41xxx.o(RESET)
    __Vectors_End                            0x08000188   Data           0  startup_stm32f40_41xxx.o(RESET)
    __main                                   0x08000189   Thumb Code     0  entry.o(.ARM.Collect$$$$00000000)
    _main_stk                                0x08000189   Thumb Code     0  entry2.o(.ARM.Collect$$$$00000001)
    _main_scatterload                        0x0800018d   Thumb Code     0  entry5.o(.ARM.Collect$$$$00000004)
    __main_after_scatterload                 0x08000191   Thumb Code     0  entry5.o(.ARM.Collect$$$$00000004)
    _main_clock                              0x08000191   Thumb Code     0  entry7b.o(.ARM.Collect$$$$00000008)
    _main_cpp_init                           0x08000191   Thumb Code     0  entry8b.o(.ARM.Collect$$$$0000000A)
    _main_init                               0x08000191   Thumb Code     0  entry9a.o(.ARM.Collect$$$$0000000B)
    __rt_final_cpp                           0x08000199   Thumb Code     0  entry10a.o(.ARM.Collect$$$$0000000D)
    __rt_final_exit                          0x08000199   Thumb Code     0  entry11a.o(.ARM.Collect$$$$0000000F)
    Reset_Handler                            0x0800019d   Thumb Code     8  startup_stm32f40_41xxx.o(.text)
    ADC_IRQHandler                           0x080001b7   Thumb Code     0  startup_stm32f40_41xxx.o(.text)
    CAN1_RX0_IRQHandler                      0x080001b7   Thumb Code     0  startup_stm32f40_41xxx.o(.text)
    CAN1_RX1_IRQHandler                      0x080001b7   Thumb Code     0  startup_stm32f40_41xxx.o(.text)
    CAN1_SCE_IRQHandler                      0x080001b7   Thumb Code     0  startup_stm32f40_41xxx.o(.text)
    CAN1_TX_IRQHandler                       0x080001b7   Thumb Code     0  startup_stm32f40_41xxx.o(.text)
    CAN2_RX0_IRQHandler                      0x080001b7   Thumb Code     0  startup_stm32f40_41xxx.o(.text)
    CAN2_RX1_IRQHandler                      0x080001b7   Thumb Code     0  startup_stm32f40_41xxx.o(.text)
    CAN2_SCE_IRQHandler                      0x080001b7   Thumb Code     0  startup_stm32f40_41xxx.o(.text)
    CAN2_TX_IRQHandler                       0x080001b7   Thumb Code     0  startup_stm32f40_41xxx.o(.text)
    CRYP_IRQHandler                          0x080001b7   Thumb Code     0  startup_stm32f40_41xxx.o(.text)
    DCMI_IRQHandler                          0x080001b7   Thumb Code     0  startup_stm32f40_41xxx.o(.text)
    DMA1_Stream0_IRQHandler                  0x080001b7   Thumb Code     0  startup_stm32f40_41xxx.o(.text)
    DMA1_Stream1_IRQHandler                  0x080001b7   Thumb Code     0  startup_stm32f40_41xxx.o(.text)
    DMA1_Stream2_IRQHandler                  0x080001b7   Thumb Code     0  startup_stm32f40_41xxx.o(.text)
    DMA1_Stream3_IRQHandler                  0x080001b7   Thumb Code     0  startup_stm32f40_41xxx.o(.text)
    DMA1_Stream4_IRQHandler                  0x080001b7   Thumb Code     0  startup_stm32f40_41xxx.o(.text)
    DMA1_Stream5_IRQHandler                  0x080001b7   Thumb Code     0  startup_stm32f40_41xxx.o(.text)
    DMA1_Stream6_IRQHandler                  0x080001b7   Thumb Code     0  startup_stm32f40_41xxx.o(.text)
    DMA1_Stream7_IRQHandler                  0x080001b7   Thumb Code     0  startup_stm32f40_41xxx.o(.text)
    DMA2_Stream0_IRQHandler                  0x080001b7   Thumb Code     0  startup_stm32f40_41xxx.o(.text)
    DMA2_Stream1_IRQHandler                  0x080001b7   Thumb Code     0  startup_stm32f40_41xxx.o(.text)
    DMA2_Stream2_IRQHandler                  0x080001b7   Thumb Code     0  startup_stm32f40_41xxx.o(.text)
    DMA2_Stream3_IRQHandler                  0x080001b7   Thumb Code     0  startup_stm32f40_41xxx.o(.text)
    DMA2_Stream4_IRQHandler                  0x080001b7   Thumb Code     0  startup_stm32f40_41xxx.o(.text)
    DMA2_Stream5_IRQHandler                  0x080001b7   Thumb Code     0  startup_stm32f40_41xxx.o(.text)
    DMA2_Stream6_IRQHandler                  0x080001b7   Thumb Code     0  startup_stm32f40_41xxx.o(.text)
    DMA2_Stream7_IRQHandler                  0x080001b7   Thumb Code     0  startup_stm32f40_41xxx.o(.text)
    ETH_IRQHandler                           0x080001b7   Thumb Code     0  startup_stm32f40_41xxx.o(.text)
    ETH_WKUP_IRQHandler                      0x080001b7   Thumb Code     0  startup_stm32f40_41xxx.o(.text)
    EXTI15_10_IRQHandler                     0x080001b7   Thumb Code     0  startup_stm32f40_41xxx.o(.text)
    EXTI1_IRQHandler                         0x080001b7   Thumb Code     0  startup_stm32f40_41xxx.o(.text)
    EXTI2_IRQHandler                         0x080001b7   Thumb Code     0  startup_stm32f40_41xxx.o(.text)
    EXTI3_IRQHandler                         0x080001b7   Thumb Code     0  startup_stm32f40_41xxx.o(.text)
    EXTI4_IRQHandler                         0x080001b7   Thumb Code     0  startup_stm32f40_41xxx.o(.text)
    EXTI9_5_IRQHandler                       0x080001b7   Thumb Code     0  startup_stm32f40_41xxx.o(.text)
    FLASH_IRQHandler                         0x080001b7   Thumb Code     0  startup_stm32f40_41xxx.o(.text)
    FPU_IRQHandler                           0x080001b7   Thumb Code     0  startup_stm32f40_41xxx.o(.text)
    FSMC_IRQHandler                          0x080001b7   Thumb Code     0  startup_stm32f40_41xxx.o(.text)
    HASH_RNG_IRQHandler                      0x080001b7   Thumb Code     0  startup_stm32f40_41xxx.o(.text)
    I2C1_ER_IRQHandler                       0x080001b7   Thumb Code     0  startup_stm32f40_41xxx.o(.text)
    I2C1_EV_IRQHandler                       0x080001b7   Thumb Code     0  startup_stm32f40_41xxx.o(.text)
    I2C2_ER_IRQHandler                       0x080001b7   Thumb Code     0  startup_stm32f40_41xxx.o(.text)
    I2C2_EV_IRQHandler                       0x080001b7   Thumb Code     0  startup_stm32f40_41xxx.o(.text)
    I2C3_ER_IRQHandler                       0x080001b7   Thumb Code     0  startup_stm32f40_41xxx.o(.text)
    I2C3_EV_IRQHandler                       0x080001b7   Thumb Code     0  startup_stm32f40_41xxx.o(.text)
    OTG_FS_IRQHandler                        0x080001b7   Thumb Code     0  startup_stm32f40_41xxx.o(.text)
    OTG_FS_WKUP_IRQHandler                   0x080001b7   Thumb Code     0  startup_stm32f40_41xxx.o(.text)
    OTG_HS_EP1_IN_IRQHandler                 0x080001b7   Thumb Code     0  startup_stm32f40_41xxx.o(.text)
    OTG_HS_EP1_OUT_IRQHandler                0x080001b7   Thumb Code     0  startup_stm32f40_41xxx.o(.text)
    OTG_HS_IRQHandler                        0x080001b7   Thumb Code     0  startup_stm32f40_41xxx.o(.text)
    OTG_HS_WKUP_IRQHandler                   0x080001b7   Thumb Code     0  startup_stm32f40_41xxx.o(.text)
    PVD_IRQHandler                           0x080001b7   Thumb Code     0  startup_stm32f40_41xxx.o(.text)
    RCC_IRQHandler                           0x080001b7   Thumb Code     0  startup_stm32f40_41xxx.o(.text)
    RTC_Alarm_IRQHandler                     0x080001b7   Thumb Code     0  startup_stm32f40_41xxx.o(.text)
    RTC_WKUP_IRQHandler                      0x080001b7   Thumb Code     0  startup_stm32f40_41xxx.o(.text)
    SDIO_IRQHandler                          0x080001b7   Thumb Code     0  startup_stm32f40_41xxx.o(.text)
    SPI1_IRQHandler                          0x080001b7   Thumb Code     0  startup_stm32f40_41xxx.o(.text)
    SPI2_IRQHandler                          0x080001b7   Thumb Code     0  startup_stm32f40_41xxx.o(.text)
    SPI3_IRQHandler                          0x080001b7   Thumb Code     0  startup_stm32f40_41xxx.o(.text)
    TAMP_STAMP_IRQHandler                    0x080001b7   Thumb Code     0  startup_stm32f40_41xxx.o(.text)
    TIM1_BRK_TIM9_IRQHandler                 0x080001b7   Thumb Code     0  startup_stm32f40_41xxx.o(.text)
    TIM1_CC_IRQHandler                       0x080001b7   Thumb Code     0  startup_stm32f40_41xxx.o(.text)
    TIM1_TRG_COM_TIM11_IRQHandler            0x080001b7   Thumb Code     0  startup_stm32f40_41xxx.o(.text)
    TIM1_UP_TIM10_IRQHandler                 0x080001b7   Thumb Code     0  startup_stm32f40_41xxx.o(.text)
    TIM2_IRQHandler                          0x080001b7   Thumb Code     0  startup_stm32f40_41xxx.o(.text)
    TIM3_IRQHandler                          0x080001b7   Thumb Code     0  startup_stm32f40_41xxx.o(.text)
    TIM5_IRQHandler                          0x080001b7   Thumb Code     0  startup_stm32f40_41xxx.o(.text)
    TIM6_DAC_IRQHandler                      0x080001b7   Thumb Code     0  startup_stm32f40_41xxx.o(.text)
    TIM7_IRQHandler                          0x080001b7   Thumb Code     0  startup_stm32f40_41xxx.o(.text)
    TIM8_BRK_TIM12_IRQHandler                0x080001b7   Thumb Code     0  startup_stm32f40_41xxx.o(.text)
    TIM8_CC_IRQHandler                       0x080001b7   Thumb Code     0  startup_stm32f40_41xxx.o(.text)
    TIM8_TRG_COM_TIM14_IRQHandler            0x080001b7   Thumb Code     0  startup_stm32f40_41xxx.o(.text)
    TIM8_UP_TIM13_IRQHandler                 0x080001b7   Thumb Code     0  startup_stm32f40_41xxx.o(.text)
    UART4_IRQHandler                         0x080001b7   Thumb Code     0  startup_stm32f40_41xxx.o(.text)
    UART5_IRQHandler                         0x080001b7   Thumb Code     0  startup_stm32f40_41xxx.o(.text)
    USART2_IRQHandler                        0x080001b7   Thumb Code     0  startup_stm32f40_41xxx.o(.text)
    USART3_IRQHandler                        0x080001b7   Thumb Code     0  startup_stm32f40_41xxx.o(.text)
    USART6_IRQHandler                        0x080001b7   Thumb Code     0  startup_stm32f40_41xxx.o(.text)
    WWDG_IRQHandler                          0x080001b7   Thumb Code     0  startup_stm32f40_41xxx.o(.text)
    __scatterload                            0x080001c1   Thumb Code    28  init.o(.text)
    __scatterload_rt2                        0x080001c1   Thumb Code     0  init.o(.text)
    ADC_Cmd                                  0x080001e5   Thumb Code    24  stm32f4xx_adc.o(i.ADC_Cmd)
    ADC_Config                               0x080001fd   Thumb Code   104  main.o(i.ADC_Config)
    ADC_DMACmd                               0x0800026d   Thumb Code    24  stm32f4xx_adc.o(i.ADC_DMACmd)
    ADC_DMARequestAfterLastTransferCmd       0x08000285   Thumb Code    24  stm32f4xx_adc.o(i.ADC_DMARequestAfterLastTransferCmd)
    ADC_Init                                 0x0800029d   Thumb Code    66  stm32f4xx_adc.o(i.ADC_Init)
    ADC_RegularChannelConfig                 0x080002e9   Thumb Code   116  stm32f4xx_adc.o(i.ADC_RegularChannelConfig)
    BusFault_Handler                         0x0800035d   Thumb Code     2  stm32f4xx_it.o(i.BusFault_Handler)
    DMA_Cmd                                  0x0800035f   Thumb Code    24  stm32f4xx_dma.o(i.DMA_Cmd)
    DMA_Config                               0x08000379   Thumb Code   104  main.o(i.DMA_Config)
    DMA_Init                                 0x080003ed   Thumb Code    80  stm32f4xx_dma.o(i.DMA_Init)
    DebugMon_Handler                         0x08000441   Thumb Code     2  stm32f4xx_it.o(i.DebugMon_Handler)
    EXTI0_IRQHandler                         0x08000445   Thumb Code    20  main.o(i.EXTI0_IRQHandler)
    EXTI0_init                               0x08000461   Thumb Code   116  main.o(i.EXTI0_init)
    EXTI_ClearFlag                           0x080004d9   Thumb Code     6  stm32f4xx_exti.o(i.EXTI_ClearFlag)
    EXTI_ClearITPendingBit                   0x080004e5   Thumb Code     6  stm32f4xx_exti.o(i.EXTI_ClearITPendingBit)
    EXTI_Init                                0x080004f1   Thumb Code   110  stm32f4xx_exti.o(i.EXTI_Init)
    FSMC_NORSRAMCmd                          0x08000565   Thumb Code    30  stm32f4xx_fsmc.o(i.FSMC_NORSRAMCmd)
    FSMC_NORSRAMInit                         0x08000589   Thumb Code   202  stm32f4xx_fsmc.o(i.FSMC_NORSRAMInit)
    FSMC_init                                0x08000655   Thumb Code   374  main.o(i.FSMC_init)
    GPIO_Configuration                       0x080007d9   Thumb Code   116  main.o(i.GPIO_Configuration)
    GPIO_Init                                0x08000859   Thumb Code   124  stm32f4xx_gpio.o(i.GPIO_Init)
    GPIO_PinAFConfig                         0x080008d5   Thumb Code    32  stm32f4xx_gpio.o(i.GPIO_PinAFConfig)
    GPIO_ToggleBits                          0x080008f5   Thumb Code     8  stm32f4xx_gpio.o(i.GPIO_ToggleBits)
    HardFault_Handler                        0x080008fd   Thumb Code     2  stm32f4xx_it.o(i.HardFault_Handler)
    LCD_Clear1                               0x08000901   Thumb Code    56  lcd.o(i.LCD_Clear1)
    LCD_Init9481                             0x0800093d   Thumb Code   256  lcd.o(i.LCD_Init9481)
    LCD_SetCursor                            0x08000a41   Thumb Code    56  lcd.o(i.LCD_SetCursor)
    LCD_ShowCharBig                          0x08000a7d   Thumb Code   236  lcd.o(i.LCD_ShowCharBig)
    LCD_ShowChineseBig                       0x08000b75   Thumb Code   290  lcd.o(i.LCD_ShowChineseBig)
    LCD_ShowChineseStringBig                 0x08000ca5   Thumb Code    48  lcd.o(i.LCD_ShowChineseStringBig)
    LCD_ShowStringBig                        0x08000cd5   Thumb Code    40  lcd.o(i.LCD_ShowStringBig)
    MemManage_Handler                        0x08000cfd   Thumb Code     2  stm32f4xx_it.o(i.MemManage_Handler)
    NMI_Handler                              0x08000cff   Thumb Code     2  stm32f4xx_it.o(i.NMI_Handler)
    NVIC_Init                                0x08000d01   Thumb Code    98  misc.o(i.NVIC_Init)
    NVIC_PriorityGroupConfig                 0x08000d69   Thumb Code    10  misc.o(i.NVIC_PriorityGroupConfig)
    PendSV_Handler                           0x08000d7d   Thumb Code     2  stm32f4xx_it.o(i.PendSV_Handler)
    RCC_AHB1PeriphClockCmd                   0x08000d81   Thumb Code    22  stm32f4xx_rcc.o(i.RCC_AHB1PeriphClockCmd)
    RCC_AHB3PeriphClockCmd                   0x08000d9d   Thumb Code    22  stm32f4xx_rcc.o(i.RCC_AHB3PeriphClockCmd)
    RCC_APB1PeriphClockCmd                   0x08000db9   Thumb Code    22  stm32f4xx_rcc.o(i.RCC_APB1PeriphClockCmd)
    RCC_APB2PeriphClockCmd                   0x08000dd5   Thumb Code    22  stm32f4xx_rcc.o(i.RCC_APB2PeriphClockCmd)
    RCC_GetClocksFreq                        0x08000df1   Thumb Code   148  stm32f4xx_rcc.o(i.RCC_GetClocksFreq)
    SVC_Handler                              0x08000e91   Thumb Code     2  stm32f4xx_it.o(i.SVC_Handler)
    SYSCFG_EXTILineConfig                    0x08000e95   Thumb Code    38  stm32f4xx_syscfg.o(i.SYSCFG_EXTILineConfig)
    SysTick_CLKSourceConfig                  0x08000f79   Thumb Code    28  misc.o(i.SysTick_CLKSourceConfig)
    SysTick_Handler                          0x08000f95   Thumb Code    24  main.o(i.SysTick_Handler)
    SysTick_Init                             0x08000fb5   Thumb Code    42  main.o(i.SysTick_Init)
    SystemInit                               0x08000fe5   Thumb Code    74  system_stm32f4xx.o(i.SystemInit)
    TIM4_IRQHandler                          0x08001041   Thumb Code    50  main.o(i.TIM4_IRQHandler)
    TIM4_Init                                0x0800107d   Thumb Code    92  main.o(i.TIM4_Init)
    TIM_ClearITPendingBit                    0x080010dd   Thumb Code     6  stm32f4xx_tim.o(i.TIM_ClearITPendingBit)
    TIM_Cmd                                  0x080010e3   Thumb Code    24  stm32f4xx_tim.o(i.TIM_Cmd)
    TIM_Config                               0x080010fd   Thumb Code   118  main.o(i.TIM_Config)
    TIM_GetITStatus                          0x0800117d   Thumb Code    24  stm32f4xx_tim.o(i.TIM_GetITStatus)
    TIM_ITConfig                             0x08001195   Thumb Code    20  stm32f4xx_tim.o(i.TIM_ITConfig)
    TIM_OC3Init                              0x080011a9   Thumb Code   124  stm32f4xx_tim.o(i.TIM_OC3Init)
    TIM_SelectOutputTrigger                  0x0800122d   Thumb Code    16  stm32f4xx_tim.o(i.TIM_SelectOutputTrigger)
    TIM_TimeBaseInit                         0x0800123d   Thumb Code    96  stm32f4xx_tim.o(i.TIM_TimeBaseInit)
    USART1_IRQHandler                        0x080012b9   Thumb Code    46  printf.o(i.USART1_IRQHandler)
    USART1_Init                              0x080012ed   Thumb Code   166  printf.o(i.USART1_Init)
    USART_Cmd                                0x0800139d   Thumb Code    24  stm32f4xx_usart.o(i.USART_Cmd)
    USART_GetFlagStatus                      0x080013b5   Thumb Code    14  stm32f4xx_usart.o(i.USART_GetFlagStatus)
    USART_GetITStatus                        0x080013c3   Thumb Code    64  stm32f4xx_usart.o(i.USART_GetITStatus)
    USART_ITConfig                           0x08001403   Thumb Code    54  stm32f4xx_usart.o(i.USART_ITConfig)
    USART_Init                               0x08001439   Thumb Code   180  stm32f4xx_usart.o(i.USART_Init)
    USART_ReceiveData                        0x080014f5   Thumb Code     8  stm32f4xx_usart.o(i.USART_ReceiveData)
    USART_SendData                           0x080014fd   Thumb Code     8  stm32f4xx_usart.o(i.USART_SendData)
    UsageFault_Handler                       0x08001505   Thumb Code     2  stm32f4xx_it.o(i.UsageFault_Handler)
    __scatterload_copy                       0x08001507   Thumb Code    14  handlers.o(i.__scatterload_copy)
    __scatterload_null                       0x08001515   Thumb Code     2  handlers.o(i.__scatterload_null)
    __scatterload_zeroinit                   0x08001517   Thumb Code    14  handlers.o(i.__scatterload_zeroinit)
    delay_100ms                              0x08001525   Thumb Code    40  lcd.o(i.delay_100ms)
    main                                     0x0800154d   Thumb Code   164  main.o(i.main)
    asc3_1608                                0x08001614   Data        1520  lcd.o(.constdata)
    asc_3216                                 0x08001c04   Data        6080  lcd.o(.constdata)
    asc4_1616                                0x080033c4   Data         672  lcd.o(.constdata)
    asc_3232                                 0x08003664   Data       23808  lcd.o(.constdata)
    Region$$Table$$Base                      0x08009364   Number         0  anon$$obj.o(Region$$Table)
    Region$$Table$$Limit                     0x08009384   Number         0  anon$$obj.o(Region$$Table)
    keysign                                  0x20000000   Data           1  main.o(.data)
    keycode                                  0x20000001   Data           1  main.o(.data)
    tim_count                                0x20000002   Data           2  main.o(.data)
    interrupt_count                          0x20000004   Data           4  main.o(.data)
    SystemCoreClock                          0x2000000c   Data           4  system_stm32f4xx.o(.data)
    AHBPrescTable                            0x20000010   Data          16  system_stm32f4xx.o(.data)
    POINT_COLOR                              0x20000030   Data           2  lcd.o(.data)
    BACK_COLOR                               0x20000032   Data           2  lcd.o(.data)
    adcBuffer                                0x20000034   Data        8192  main.o(.bss)
    __initial_sp                             0x20003038   Data           0  startup_stm32f40_41xxx.o(STACK)



==============================================================================

Memory Map of the image

  Image Entry point : 0x08000189

  Load Region LR_IROM1 (Base: 0x08000000, Size: 0x000093b8, Max: 0x00080000, ABSOLUTE)

    Execution Region ER_IROM1 (Base: 0x08000000, Size: 0x00009384, Max: 0x00080000, ABSOLUTE)

    Base Addr    Size         Type   Attr      Idx    E Section Name        Object

    0x08000000   0x00000188   Data   RO          366    RESET               startup_stm32f40_41xxx.o
    0x08000188   0x00000000   Code   RO         7142  * .ARM.Collect$$$$00000000  mc_w.l(entry.o)
    0x08000188   0x00000004   Code   RO         7173    .ARM.Collect$$$$00000001  mc_w.l(entry2.o)
    0x0800018c   0x00000004   Code   RO         7176    .ARM.Collect$$$$00000004  mc_w.l(entry5.o)
    0x08000190   0x00000000   Code   RO         7178    .ARM.Collect$$$$00000008  mc_w.l(entry7b.o)
    0x08000190   0x00000000   Code   RO         7180    .ARM.Collect$$$$0000000A  mc_w.l(entry8b.o)
    0x08000190   0x00000008   Code   RO         7181    .ARM.Collect$$$$0000000B  mc_w.l(entry9a.o)
    0x08000198   0x00000000   Code   RO         7183    .ARM.Collect$$$$0000000D  mc_w.l(entry10a.o)
    0x08000198   0x00000000   Code   RO         7185    .ARM.Collect$$$$0000000F  mc_w.l(entry11a.o)
    0x08000198   0x00000004   Code   RO         7174    .ARM.Collect$$$$00002712  mc_w.l(entry2.o)
    0x0800019c   0x00000024   Code   RO          367    .text               startup_stm32f40_41xxx.o
    0x080001c0   0x00000024   Code   RO         7201    .text               mc_w.l(init.o)
    0x080001e4   0x00000018   Code   RO          435    i.ADC_Cmd           stm32f4xx_adc.o
    0x080001fc   0x00000070   Code   RO            4    i.ADC_Config        main.o
    0x0800026c   0x00000018   Code   RO          439    i.ADC_DMACmd        stm32f4xx_adc.o
    0x08000284   0x00000018   Code   RO          440    i.ADC_DMARequestAfterLastTransferCmd  stm32f4xx_adc.o
    0x0800029c   0x0000004c   Code   RO          455    i.ADC_Init          stm32f4xx_adc.o
    0x080002e8   0x00000074   Code   RO          460    i.ADC_RegularChannelConfig  stm32f4xx_adc.o
    0x0800035c   0x00000002   Code   RO          237    i.BusFault_Handler  stm32f4xx_it.o
    0x0800035e   0x00000018   Code   RO         1414    i.DMA_Cmd           stm32f4xx_dma.o
    0x08000376   0x00000002   PAD
    0x08000378   0x00000074   Code   RO            5    i.DMA_Config        main.o
    0x080003ec   0x00000054   Code   RO         1426    i.DMA_Init          stm32f4xx_dma.o
    0x08000440   0x00000002   Code   RO          238    i.DebugMon_Handler  stm32f4xx_it.o
    0x08000442   0x00000002   PAD
    0x08000444   0x0000001c   Code   RO            6    i.EXTI0_IRQHandler  main.o
    0x08000460   0x00000078   Code   RO            7    i.EXTI0_init        main.o
    0x080004d8   0x0000000c   Code   RO         1679    i.EXTI_ClearFlag    stm32f4xx_exti.o
    0x080004e4   0x0000000c   Code   RO         1680    i.EXTI_ClearITPendingBit  stm32f4xx_exti.o
    0x080004f0   0x00000074   Code   RO         1685    i.EXTI_Init         stm32f4xx_exti.o
    0x08000564   0x00000024   Code   RO         2047    i.FSMC_NORSRAMCmd   stm32f4xx_fsmc.o
    0x08000588   0x000000ca   Code   RO         2049    i.FSMC_NORSRAMInit  stm32f4xx_fsmc.o
    0x08000652   0x00000002   PAD
    0x08000654   0x00000184   Code   RO            8    i.FSMC_init         main.o
    0x080007d8   0x00000080   Code   RO            9    i.GPIO_Configuration  main.o
    0x08000858   0x0000007c   Code   RO         2172    i.GPIO_Init         stm32f4xx_gpio.o
    0x080008d4   0x00000020   Code   RO         2173    i.GPIO_PinAFConfig  stm32f4xx_gpio.o
    0x080008f4   0x00000008   Code   RO         2182    i.GPIO_ToggleBits   stm32f4xx_gpio.o
    0x080008fc   0x00000002   Code   RO          239    i.HardFault_Handler  stm32f4xx_it.o
    0x080008fe   0x00000002   PAD
    0x08000900   0x0000003c   Code   RO         5276    i.LCD_Clear1        lcd.o
    0x0800093c   0x00000104   Code   RO         5279    i.LCD_Init9481      lcd.o
    0x08000a40   0x0000003c   Code   RO         5282    i.LCD_SetCursor     lcd.o
    0x08000a7c   0x000000f8   Code   RO         5284    i.LCD_ShowCharBig   lcd.o
    0x08000b74   0x00000130   Code   RO         5286    i.LCD_ShowChineseBig  lcd.o
    0x08000ca4   0x00000030   Code   RO         5287    i.LCD_ShowChineseStringBig  lcd.o
    0x08000cd4   0x00000028   Code   RO         5291    i.LCD_ShowStringBig  lcd.o
    0x08000cfc   0x00000002   Code   RO          240    i.MemManage_Handler  stm32f4xx_it.o
    0x08000cfe   0x00000002   Code   RO          241    i.NMI_Handler       stm32f4xx_it.o
    0x08000d00   0x00000068   Code   RO          374    i.NVIC_Init         misc.o
    0x08000d68   0x00000014   Code   RO          375    i.NVIC_PriorityGroupConfig  misc.o
    0x08000d7c   0x00000002   Code   RO          242    i.PendSV_Handler    stm32f4xx_it.o
    0x08000d7e   0x00000002   PAD
    0x08000d80   0x0000001c   Code   RO         3068    i.RCC_AHB1PeriphClockCmd  stm32f4xx_rcc.o
    0x08000d9c   0x0000001c   Code   RO         3074    i.RCC_AHB3PeriphClockCmd  stm32f4xx_rcc.o
    0x08000db8   0x0000001c   Code   RO         3077    i.RCC_APB1PeriphClockCmd  stm32f4xx_rcc.o
    0x08000dd4   0x0000001c   Code   RO         3080    i.RCC_APB2PeriphClockCmd  stm32f4xx_rcc.o
    0x08000df0   0x000000a0   Code   RO         3089    i.RCC_GetClocksFreq  stm32f4xx_rcc.o
    0x08000e90   0x00000002   Code   RO          243    i.SVC_Handler       stm32f4xx_it.o
    0x08000e92   0x00000002   PAD
    0x08000e94   0x0000002c   Code   RO         4370    i.SYSCFG_EXTILineConfig  stm32f4xx_syscfg.o
    0x08000ec0   0x000000b8   Code   RO          326    i.SetSysClock       system_stm32f4xx.o
    0x08000f78   0x0000001c   Code   RO          378    i.SysTick_CLKSourceConfig  misc.o
    0x08000f94   0x00000020   Code   RO           10    i.SysTick_Handler   main.o
    0x08000fb4   0x00000030   Code   RO           11    i.SysTick_Init      main.o
    0x08000fe4   0x0000005c   Code   RO          328    i.SystemInit        system_stm32f4xx.o
    0x08001040   0x0000003c   Code   RO           13    i.TIM4_IRQHandler   main.o
    0x0800107c   0x00000060   Code   RO           14    i.TIM4_Init         main.o
    0x080010dc   0x00000006   Code   RO         4438    i.TIM_ClearITPendingBit  stm32f4xx_tim.o
    0x080010e2   0x00000018   Code   RO         4443    i.TIM_Cmd           stm32f4xx_tim.o
    0x080010fa   0x00000002   PAD
    0x080010fc   0x00000080   Code   RO           15    i.TIM_Config        main.o
    0x0800117c   0x00000018   Code   RO         4464    i.TIM_GetITStatus   stm32f4xx_tim.o
    0x08001194   0x00000014   Code   RO         4468    i.TIM_ITConfig      stm32f4xx_tim.o
    0x080011a8   0x00000084   Code   RO         4482    i.TIM_OC3Init       stm32f4xx_tim.o
    0x0800122c   0x00000010   Code   RO         4501    i.TIM_SelectOutputTrigger  stm32f4xx_tim.o
    0x0800123c   0x0000007c   Code   RO         4515    i.TIM_TimeBaseInit  stm32f4xx_tim.o
    0x080012b8   0x00000034   Code   RO         7081    i.USART1_IRQHandler  printf.o
    0x080012ec   0x000000b0   Code   RO         7082    i.USART1_Init       printf.o
    0x0800139c   0x00000018   Code   RO         4997    i.USART_Cmd         stm32f4xx_usart.o
    0x080013b4   0x0000000e   Code   RO         5000    i.USART_GetFlagStatus  stm32f4xx_usart.o
    0x080013c2   0x00000040   Code   RO         5001    i.USART_GetITStatus  stm32f4xx_usart.o
    0x08001402   0x00000036   Code   RO         5003    i.USART_ITConfig    stm32f4xx_usart.o
    0x08001438   0x000000bc   Code   RO         5004    i.USART_Init        stm32f4xx_usart.o
    0x080014f4   0x00000008   Code   RO         5011    i.USART_ReceiveData  stm32f4xx_usart.o
    0x080014fc   0x00000008   Code   RO         5014    i.USART_SendData    stm32f4xx_usart.o
    0x08001504   0x00000002   Code   RO          244    i.UsageFault_Handler  stm32f4xx_it.o
    0x08001506   0x0000000e   Code   RO         7207    i.__scatterload_copy  mc_w.l(handlers.o)
    0x08001514   0x00000002   Code   RO         7208    i.__scatterload_null  mc_w.l(handlers.o)
    0x08001516   0x0000000e   Code   RO         7209    i.__scatterload_zeroinit  mc_w.l(handlers.o)
    0x08001524   0x00000028   Code   RO         5296    i.delay_100ms       lcd.o
    0x0800154c   0x000000c8   Code   RO           17    i.main              main.o
    0x08001614   0x00007d50   Data   RO         5299    .constdata          lcd.o
    0x08009364   0x00000020   Data   RO         7205    Region$$Table       anon$$obj.o


    Execution Region RW_IRAM1 (Base: 0x20000000, Size: 0x00003038, Max: 0x00020000, ABSOLUTE)

    Base Addr    Size         Type   Attr      Idx    E Section Name        Object

    0x20000000   0x0000000c   Data   RW           21    .data               main.o
    0x2000000c   0x00000014   Data   RW          329    .data               system_stm32f4xx.o
    0x20000020   0x00000010   Data   RW         3121    .data               stm32f4xx_rcc.o
    0x20000030   0x00000004   Data   RW         5300    .data               lcd.o
    0x20000034   0x00002000   Zero   RW           18    .bss                main.o
    0x20002034   0x00000004   PAD
    0x20002038   0x00001000   Zero   RW          364    STACK               startup_stm32f40_41xxx.o


==============================================================================

Image component sizes


      Code (inc. data)   RO Data    RW Data    ZI Data      Debug   Object Name

      1060         38      32080          4          0       7219   lcd.o
      1456        132          0         12       8192     356415   main.o
       152         16          0          0          0       2077   misc.o
       228         16          0          0          0       1222   printf.o
        36          8        392          0       4096        812   startup_stm32f40_41xxx.o
       264         10          0          0          0       4538   stm32f4xx_adc.o
       108          4          0          0          0       2373   stm32f4xx_dma.o
       140         18          0          0          0       2058   stm32f4xx_exti.o
       238          6          0          0          0       1841   stm32f4xx_fsmc.o
       164          0          0          0          0       2269   stm32f4xx_gpio.o
        16          0          0          0          0       3452   stm32f4xx_it.o
       272         36          0         16          0       5312   stm32f4xx_rcc.o
        44          6          0          0          0        648   stm32f4xx_syscfg.o
       346         36          0          0          0       5166   stm32f4xx_tim.o
       360          8          0          0          0       5653   stm32f4xx_usart.o
       276         34          0         20          0       1681   system_stm32f4xx.o

    ----------------------------------------------------------------------
      5174        368      32504         52      12292     402736   Object Totals
         0          0         32          0          0          0   (incl. Generated)
        14          0          0          0          4          0   (incl. Padding)

    ----------------------------------------------------------------------

      Code (inc. data)   RO Data    RW Data    ZI Data      Debug   Library Member Name

         0          0          0          0          0          0   entry.o
         0          0          0          0          0          0   entry10a.o
         0          0          0          0          0          0   entry11a.o
         8          4          0          0          0          0   entry2.o
         4          0          0          0          0          0   entry5.o
         0          0          0          0          0          0   entry7b.o
         0          0          0          0          0          0   entry8b.o
         8          4          0          0          0          0   entry9a.o
        30          0          0          0          0          0   handlers.o
        36          8          0          0          0         68   init.o

    ----------------------------------------------------------------------
        86         16          0          0          0         68   Library Totals
         0          0          0          0          0          0   (incl. Padding)

    ----------------------------------------------------------------------

      Code (inc. data)   RO Data    RW Data    ZI Data      Debug   Library Name

        86         16          0          0          0         68   mc_w.l

    ----------------------------------------------------------------------
        86         16          0          0          0         68   Library Totals

    ----------------------------------------------------------------------

==============================================================================


      Code (inc. data)   RO Data    RW Data    ZI Data      Debug   

      5260        384      32504         52      12292     396608   Grand Totals
      5260        384      32504         52      12292     396608   ELF Image Totals
      5260        384      32504         52          0          0   ROM Totals

==============================================================================

    Total RO  Size (Code + RO Data)                37764 (  36.88kB)
    Total RW  Size (RW Data + ZI Data)             12344 (  12.05kB)
    Total ROM Size (Code + RO Data + RW Data)      37816 (  36.93kB)

==============================================================================

