<html>
<body>
<pre>
<h1>礦ision Build Log</h1>
<h2>Tool Versions:</h2>
IDE-Version: μVision V5.17.0.0
Copyright (C) 2015 ARM Ltd and ARM Germany GmbH. All rights reserved.
License Information: 0 0, 0, LIC=EXJCX-HCB6L-WDWK8-3JW2T-75GIZ-CHTWB
 
Tool Versions:
Toolchain:       MDK-ARM Standard  Version: 5.17
Toolchain Path:  F:\danpianjisheji\Keil_v5\ARM\ARMCC\Bin
C Compiler:      Armcc.exe V5.06 update 1 (build 61)
Assembler:       Armasm.exe V5.06 update 1 (build 61)
Linker/Locator:  ArmLink.exe V5.06 update 1 (build 61)
Library Manager: ArmAr.exe V5.06 update 1 (build 61)
Hex Converter:   FromElf.exe V5.06 update 1 (build 61)
CPU DLL:         SARMCM3.DLL V5.17
Dialog DLL:      DCM.DLL V1.13.4.0
Target DLL:      STLink\ST-LINKIII-KEIL_SWO.dll V2.0.18.0
Dialog DLL:      TCM.DLL V1.14.6.0
 
<h2>Project:</h2>
f:\diansais\单片机最小系统\USER\STM32F407.uvprojx
Project File Date:  07/04/2025

<h2>Output:</h2>
*** Using Compiler 'V5.06 update 1 (build 61)', folder: 'F:\danpianjisheji\Keil_v5\ARM\ARMCC\Bin'
Build target 'STM32F407'
compiling main.c...
main.c(314): warning:  #177-D: variable "tim4_clock" was declared but never referenced
      uint32_t tim4_clock = 84000000; // APB1时??42MHz ?? 2
main.c: 1 warning, 0 errors
linking...
Program Size: Code=5260 RO-data=32504 RW-data=52 ZI-data=12292  
FromELF: creating hex file...
".\Objects\STM32F407.axf" - 0 Error(s), 1 Warning(s).

<h2>Collection of Component include folders:</h2>
  f:\diansais\单片机最小系统\USER\RTE
  F:\danpianjisheji\Keil_v5\ARM\PACK\Keil\STM32F4xx_DFP\2.7.0\Drivers\CMSIS\Device\ST\STM32F4xx\Include

<h2>Collection of Component Files used:</h2>
Build Time Elapsed:  00:00:01
</pre>
</body>
</html>
